Component: Arm Compiler for Embedded 6.21 Tool: armlink [5ec1fa00]

==============================================================================

Section Cross References

    startup_stm32f411xe.o(RESET) refers to startup_stm32f411xe.o(STACK) for __initial_sp
    startup_stm32f411xe.o(RESET) refers to startup_stm32f411xe.o(.text) for Reset_Handler
    startup_stm32f411xe.o(RESET) refers to stm32f4xx_it.o(.text.NMI_Handler) for NMI_Handler
    startup_stm32f411xe.o(RESET) refers to stm32f4xx_it.o(.text.HardFault_Handler) for HardFault_Handler
    startup_stm32f411xe.o(RESET) refers to stm32f4xx_it.o(.text.MemManage_Handler) for MemManage_Handler
    startup_stm32f411xe.o(RESET) refers to stm32f4xx_it.o(.text.BusFault_Handler) for BusFault_Handler
    startup_stm32f411xe.o(RESET) refers to stm32f4xx_it.o(.text.UsageFault_Handler) for UsageFault_Handler
    startup_stm32f411xe.o(RESET) refers to stm32f4xx_it.o(.text.SVC_Handler) for SVC_Handler
    startup_stm32f411xe.o(RESET) refers to stm32f4xx_it.o(.text.DebugMon_Handler) for DebugMon_Handler
    startup_stm32f411xe.o(RESET) refers to stm32f4xx_it.o(.text.PendSV_Handler) for PendSV_Handler
    startup_stm32f411xe.o(RESET) refers to stm32f4xx_it.o(.text.SysTick_Handler) for SysTick_Handler
    startup_stm32f411xe.o(RESET) refers to stm32f4xx_it.o(.text.DMA2_Stream2_IRQHandler) for DMA2_Stream2_IRQHandler
    startup_stm32f411xe.o(.text) refers to system_stm32f4xx.o(.text.SystemInit) for SystemInit
    startup_stm32f411xe.o(.text) refers to entry.o(.ARM.Collect$$$$00000000) for __main
    dwt_stm32_delay.o(.ARM.exidx.text.DWT_Delay_Init) refers to dwt_stm32_delay.o(.text.DWT_Delay_Init) for [Anonymous Symbol]
    main.o(.text.main) refers to stm32f4xx_hal.o(.text.HAL_Init) for HAL_Init
    main.o(.text.main) refers to main.o(.text.SystemClock_Config) for SystemClock_Config
    main.o(.text.main) refers to gpio.o(.text.MX_GPIO_Init) for MX_GPIO_Init
    main.o(.text.main) refers to dma.o(.text.MX_DMA_Init) for MX_DMA_Init
    main.o(.text.main) refers to spi.o(.text.MX_SPI1_Init) for MX_SPI1_Init
    main.o(.text.main) refers to spi.o(.text.MX_SPI2_Init) for MX_SPI2_Init
    main.o(.text.main) refers to rtc.o(.text.MX_RTC_Init) for MX_RTC_Init
    main.o(.text.main) refers to tim.o(.text.MX_TIM9_Init) for MX_TIM9_Init
    main.o(.text.main) refers to dwt_stm32_delay.o(.text.DWT_Delay_Init) for DWT_Delay_Init
    main.o(.text.main) refers to lcd.o(.text.LCD_Init) for LCD_Init
    main.o(.text.main) refers to stm32f4xx_hal.o(.text.HAL_Delay) for HAL_Delay
    main.o(.text.main) refers to tim.o(.bss.htim9) for htim9
    main.o(.text.main) refers to stm32f4xx_hal_tim.o(.text.HAL_TIM_PWM_Start) for HAL_TIM_PWM_Start
    main.o(.text.main) refers to touch_xpt2046.o(.data.tp_dev) for tp_dev
    main.o(.text.main) refers to lcd.o(.text.LCD_Clear) for LCD_Clear
    main.o(.text.main) refers to main.o(.rodata.gImage_logo) for gImage_logo
    main.o(.text.main) refers to lcd.o(.text.LCD_ShowPicture) for LCD_ShowPicture
    main.o(.text.main) refers to lcd.o(.bss.lcddev) for lcddev
    main.o(.text.main) refers to lcd.o(.text.LCD_ShowString) for LCD_ShowString
    main.o(.text.main) refers to lcd.o(.text.LCD_ShowIntNum) for LCD_ShowIntNum
    main.o(.text.main) refers to lcd.o(.text.LCD_Fill) for LCD_Fill
    main.o(.text.main) refers to printf6.o(i.__0sprintf$6) for __2sprintf
    main.o(.text.main) refers to lcd.o(.text.LCD_DrawPoint) for LCD_DrawPoint
    main.o(.text.main) refers to touch_xpt2046.o(.text.TP_Read_Vbat) for TP_Read_Vbat
    main.o(.text.main) refers to touch_xpt2046.o(.text.TP_Read_AUXIN) for TP_Read_AUXIN
    main.o(.ARM.exidx.text.main) refers to main.o(.text.main) for [Anonymous Symbol]
    main.o(.text.SystemClock_Config) refers to memseta.o(.text) for __aeabi_memclr4
    main.o(.text.SystemClock_Config) refers to stm32f4xx_hal_rcc.o(.text.HAL_RCC_OscConfig) for HAL_RCC_OscConfig
    main.o(.text.SystemClock_Config) refers to stm32f4xx_hal_rcc.o(.text.HAL_RCC_ClockConfig) for HAL_RCC_ClockConfig
    main.o(.ARM.exidx.text.SystemClock_Config) refers to main.o(.text.SystemClock_Config) for [Anonymous Symbol]
    main.o(.ARM.exidx.text.Error_Handler) refers to main.o(.text.Error_Handler) for [Anonymous Symbol]
    gpio.o(.text.MX_GPIO_Init) refers to stm32f4xx_hal_gpio.o(.text.HAL_GPIO_WritePin) for HAL_GPIO_WritePin
    gpio.o(.text.MX_GPIO_Init) refers to stm32f4xx_hal_gpio.o(.text.HAL_GPIO_Init) for HAL_GPIO_Init
    gpio.o(.ARM.exidx.text.MX_GPIO_Init) refers to gpio.o(.text.MX_GPIO_Init) for [Anonymous Symbol]
    dma.o(.text.MX_DMA_Init) refers to stm32f4xx_hal_cortex.o(.text.HAL_NVIC_SetPriority) for HAL_NVIC_SetPriority
    dma.o(.text.MX_DMA_Init) refers to stm32f4xx_hal_cortex.o(.text.HAL_NVIC_EnableIRQ) for HAL_NVIC_EnableIRQ
    dma.o(.ARM.exidx.text.MX_DMA_Init) refers to dma.o(.text.MX_DMA_Init) for [Anonymous Symbol]
    rtc.o(.text.MX_RTC_Init) refers to rtc.o(.bss.hrtc) for hrtc
[...]
    Removing stm32f4xx_hal_tim.o(.ARM.exidx.text.HAL_TIM_IC_Start_IT), (8 bytes).
    Removing stm32f4xx_hal_tim.o(.text.HAL_TIM_IC_Stop_IT), (198 bytes).
    Removing stm32f4xx_hal_tim.o(.ARM.exidx.text.HAL_TIM_IC_Stop_IT), (8 bytes).
    Removing stm32f4xx_hal_tim.o(.text.HAL_TIM_IC_Start_DMA), (542 bytes).
    Removing stm32f4xx_hal_tim.o(.ARM.exidx.text.HAL_TIM_IC_Start_DMA), (8 bytes).
    Removing stm32f4xx_hal_tim.o(.text.TIM_DMACaptureCplt), (116 bytes).
    Removing stm32f4xx_hal_tim.o(.ARM.exidx.text.TIM_DMACaptureCplt), (8 bytes).
    Removing stm32f4xx_hal_tim.o(.text.TIM_DMACaptureHalfCplt), (56 bytes).
    Removing stm32f4xx_hal_tim.o(.ARM.exidx.text.TIM_DMACaptureHalfCplt), (8 bytes).
    Removing stm32f4xx_hal_tim.o(.text.HAL_TIM_IC_Stop_DMA), (220 bytes).
    Removing stm32f4xx_hal_tim.o(.ARM.exidx.text.HAL_TIM_IC_Stop_DMA), (8 bytes).
    Removing stm32f4xx_hal_tim.o(.text.HAL_TIM_OnePulse_Init), (92 bytes).
    Removing stm32f4xx_hal_tim.o(.ARM.exidx.text.HAL_TIM_OnePulse_Init), (8 bytes).
    Removing stm32f4xx_hal_tim.o(.text.HAL_TIM_OnePulse_MspInit), (2 bytes).
    Removing stm32f4xx_hal_tim.o(.ARM.exidx.text.HAL_TIM_OnePulse_MspInit), (8 bytes).
    Removing stm32f4xx_hal_tim.o(.text.HAL_TIM_OnePulse_DeInit), (80 bytes).
    Removing stm32f4xx_hal_tim.o(.ARM.exidx.text.HAL_TIM_OnePulse_DeInit), (8 bytes).
    Removing stm32f4xx_hal_tim.o(.text.HAL_TIM_OnePulse_MspDeInit), (2 bytes).
    Removing stm32f4xx_hal_tim.o(.ARM.exidx.text.HAL_TIM_OnePulse_MspDeInit), (8 bytes).
    Removing stm32f4xx_hal_tim.o(.text.HAL_TIM_OnePulse_Start), (126 bytes).
    Removing stm32f4xx_hal_tim.o(.ARM.exidx.text.HAL_TIM_OnePulse_Start), (8 bytes).
    Removing stm32f4xx_hal_tim.o(.text.HAL_TIM_OnePulse_Stop), (116 bytes).
    Removing stm32f4xx_hal_tim.o(.ARM.exidx.text.HAL_TIM_OnePulse_Stop), (8 bytes).
    Removing stm32f4xx_hal_tim.o(.text.HAL_TIM_OnePulse_Start_IT), (142 bytes).
    Removing stm32f4xx_hal_tim.o(.ARM.exidx.text.HAL_TIM_OnePulse_Start_IT), (8 bytes).
    Removing stm32f4xx_hal_tim.o(.text.HAL_TIM_OnePulse_Stop_IT), (132 bytes).
    Removing stm32f4xx_hal_tim.o(.ARM.exidx.text.HAL_TIM_OnePulse_Stop_IT), (8 bytes).
    Removing stm32f4xx_hal_tim.o(.text.HAL_TIM_Encoder_Init), (178 bytes).
    Removing stm32f4xx_hal_tim.o(.ARM.exidx.text.HAL_TIM_Encoder_Init), (8 bytes).
    Removing stm32f4xx_hal_tim.o(.text.HAL_TIM_Encoder_MspInit), (2 bytes).
    Removing stm32f4xx_hal_tim.o(.ARM.exidx.text.HAL_TIM_Encoder_MspInit), (8 bytes).
    Removing stm32f4xx_hal_tim.o(.text.HAL_TIM_Encoder_DeInit), (80 bytes).
    Removing stm32f4xx_hal_tim.o(.ARM.exidx.text.HAL_TIM_Encoder_DeInit), (8 bytes).
    Removing stm32f4xx_hal_tim.o(.text.HAL_TIM_Encoder_MspDeInit), (2 bytes).
    Removing stm32f4xx_hal_tim.o(.ARM.exidx.text.HAL_TIM_Encoder_MspDeInit), (8 bytes).
    Removing stm32f4xx_hal_tim.o(.text.HAL_TIM_Encoder_Start), (204 bytes).
    Removing stm32f4xx_hal_tim.o(.ARM.exidx.text.HAL_TIM_Encoder_Start), (8 bytes).
    Removing stm32f4xx_hal_tim.o(.text.HAL_TIM_Encoder_Stop), (200 bytes).
    Removing stm32f4xx_hal_tim.o(.ARM.exidx.text.HAL_TIM_Encoder_Stop), (8 bytes).
    Removing stm32f4xx_hal_tim.o(.text.HAL_TIM_Encoder_Start_IT), (240 bytes).
    Removing stm32f4xx_hal_tim.o(.ARM.exidx.text.HAL_TIM_Encoder_Start_IT), (8 bytes).
    Removing stm32f4xx_hal_tim.o(.text.HAL_TIM_Encoder_Stop_IT), (236 bytes).
    Removing stm32f4xx_hal_tim.o(.ARM.exidx.text.HAL_TIM_Encoder_Stop_IT), (8 bytes).
    Removing stm32f4xx_hal_tim.o(.text.HAL_TIM_Encoder_Start_DMA), (520 bytes).
    Removing stm32f4xx_hal_tim.o(.ARM.exidx.text.HAL_TIM_Encoder_Start_DMA), (8 bytes).
    Removing stm32f4xx_hal_tim.o(.text.HAL_TIM_Encoder_Stop_DMA), (246 bytes).
    Removing stm32f4xx_hal_tim.o(.ARM.exidx.text.HAL_TIM_Encoder_Stop_DMA), (8 bytes).
    Removing stm32f4xx_hal_tim.o(.text.HAL_TIM_IRQHandler), (362 bytes).
    Removing stm32f4xx_hal_tim.o(.ARM.exidx.text.HAL_TIM_IRQHandler), (8 bytes).
    Removing stm32f4xx_hal_tim.o(.text.HAL_TIM_IC_CaptureCallback), (2 bytes).
    Removing stm32f4xx_hal_tim.o(.ARM.exidx.text.HAL_TIM_IC_CaptureCallback), (8 bytes).
    Removing stm32f4xx_hal_tim.o(.text.HAL_TIM_OC_DelayElapsedCallback), (2 bytes).
    Removing stm32f4xx_hal_tim.o(.ARM.exidx.text.HAL_TIM_OC_DelayElapsedCallback), (8 bytes).
    Removing stm32f4xx_hal_tim.o(.text.HAL_TIM_PWM_PulseFinishedCallback), (2 bytes).
    Removing stm32f4xx_hal_tim.o(.ARM.exidx.text.HAL_TIM_PWM_PulseFinishedCallback), (8 bytes).
    Removing stm32f4xx_hal_tim.o(.text.HAL_TIM_PeriodElapsedCallback), (2 bytes).
    Removing stm32f4xx_hal_tim.o(.ARM.exidx.text.HAL_TIM_PeriodElapsedCallback), (8 bytes).
    Removing stm32f4xx_hal_tim.o(.text.HAL_TIM_TriggerCallback), (2 bytes).
    Removing stm32f4xx_hal_tim.o(.ARM.exidx.text.HAL_TIM_TriggerCallback), (8 bytes).
    Removing stm32f4xx_hal_tim.o(.text.HAL_TIM_OC_ConfigChannel), (404 bytes).
    Removing stm32f4xx_hal_tim.o(.ARM.exidx.text.HAL_TIM_OC_ConfigChannel), (8 bytes).
    Removing stm32f4xx_hal_tim.o(.text.TIM_OC2_SetConfig), (98 bytes).
    Removing stm32f4xx_hal_tim.o(.ARM.exidx.text.TIM_OC2_SetConfig), (8 bytes).
    Removing stm32f4xx_hal_tim.o(.text.HAL_TIM_IC_ConfigChannel), (406 bytes).
    Removing stm32f4xx_hal_tim.o(.ARM.exidx.text.HAL_TIM_IC_ConfigChannel), (8 bytes).
    Removing stm32f4xx_hal_tim.o(.text.TIM_TI1_SetConfig), (132 bytes).
    Removing stm32f4xx_hal_tim.o(.ARM.exidx.text.TIM_TI1_SetConfig), (8 bytes).
    Removing stm32f4xx_hal_tim.o(.ARM.exidx.text.HAL_TIM_PWM_ConfigChannel), (8 bytes).
    Removing stm32f4xx_hal_tim.o(.text.HAL_TIM_OnePulse_ConfigChannel), (504 bytes).
    Removing stm32f4xx_hal_tim.o(.ARM.exidx.text.HAL_TIM_OnePulse_ConfigChannel), (8 bytes).
    Removing stm32f4xx_hal_tim.o(.text.HAL_TIM_DMABurst_WriteStart), (28 bytes).
    Removing stm32f4xx_hal_tim.o(.ARM.exidx.text.HAL_TIM_DMABurst_WriteStart), (8 bytes).
    Removing stm32f4xx_hal_tim.o(.text.HAL_TIM_DMABurst_MultiWriteStart), (456 bytes).
    Removing stm32f4xx_hal_tim.o(.ARM.exidx.text.HAL_TIM_DMABurst_MultiWriteStart), (8 bytes).
    Removing stm32f4xx_hal_tim.o(.text.TIM_DMATriggerCplt), (20 bytes).
    Removing stm32f4xx_hal_tim.o(.ARM.exidx.text.TIM_DMATriggerCplt), (8 bytes).
    Removing stm32f4xx_hal_tim.o(.text.TIM_DMATriggerHalfCplt), (6 bytes).
    Removing stm32f4xx_hal_tim.o(.ARM.exidx.text.TIM_DMATriggerHalfCplt), (8 bytes).
    Removing stm32f4xx_hal_tim.o(.text.HAL_TIM_DMABurst_WriteStop), (134 bytes).
    Removing stm32f4xx_hal_tim.o(.ARM.exidx.text.HAL_TIM_DMABurst_WriteStop), (8 bytes).
    Removing stm32f4xx_hal_tim.o(.text.HAL_TIM_DMABurst_ReadStart), (28 bytes).
    Removing stm32f4xx_hal_tim.o(.ARM.exidx.text.HAL_TIM_DMABurst_ReadStart), (8 bytes).
    Removing stm32f4xx_hal_tim.o(.text.HAL_TIM_DMABurst_MultiReadStart), (454 bytes).
    Removing stm32f4xx_hal_tim.o(.ARM.exidx.text.HAL_TIM_DMABurst_MultiReadStart), (8 bytes).
    Removing stm32f4xx_hal_tim.o(.text.HAL_TIM_DMABurst_ReadStop), (134 bytes).
    Removing stm32f4xx_hal_tim.o(.ARM.exidx.text.HAL_TIM_DMABurst_ReadStop), (8 bytes).
    Removing stm32f4xx_hal_tim.o(.text.HAL_TIM_GenerateEvent), (36 bytes).
    Removing stm32f4xx_hal_tim.o(.ARM.exidx.text.HAL_TIM_GenerateEvent), (8 bytes).
    Removing stm32f4xx_hal_tim.o(.text.HAL_TIM_ConfigOCrefClear), (230 bytes).
    Removing stm32f4xx_hal_tim.o(.ARM.exidx.text.HAL_TIM_ConfigOCrefClear), (8 bytes).
    Removing stm32f4xx_hal_tim.o(.text.TIM_ETR_SetConfig), (22 bytes).
    Removing stm32f4xx_hal_tim.o(.ARM.exidx.text.TIM_ETR_SetConfig), (8 bytes).
    Removing stm32f4xx_hal_tim.o(.text.HAL_TIM_ConfigClockSource), (418 bytes).
    Removing stm32f4xx_hal_tim.o(.ARM.exidx.text.HAL_TIM_ConfigClockSource), (8 bytes).
    Removing stm32f4xx_hal_tim.o(.text.HAL_TIM_ConfigTI1Input), (16 bytes).
    Removing stm32f4xx_hal_tim.o(.ARM.exidx.text.HAL_TIM_ConfigTI1Input), (8 bytes).
    Removing stm32f4xx_hal_tim.o(.text.HAL_TIM_SlaveConfigSynchro), (74 bytes).
    Removing stm32f4xx_hal_tim.o(.ARM.exidx.text.HAL_TIM_SlaveConfigSynchro), (8 bytes).
    Removing stm32f4xx_hal_tim.o(.text.TIM_SlaveTimer_SetConfig), (220 bytes).
    Removing stm32f4xx_hal_tim.o(.ARM.exidx.text.TIM_SlaveTimer_SetConfig), (8 bytes).
    Removing stm32f4xx_hal_tim.o(.text.HAL_TIM_SlaveConfigSynchro_IT), (74 bytes).
    Removing stm32f4xx_hal_tim.o(.ARM.exidx.text.HAL_TIM_SlaveConfigSynchro_IT), (8 bytes).
    Removing stm32f4xx_hal_tim.o(.text.HAL_TIM_ReadCapturedValue), (52 bytes).
    Removing stm32f4xx_hal_tim.o(.ARM.exidx.text.HAL_TIM_ReadCapturedValue), (8 bytes).
    Removing stm32f4xx_hal_tim.o(.text.HAL_TIM_PeriodElapsedHalfCpltCallback), (2 bytes).
    Removing stm32f4xx_hal_tim.o(.ARM.exidx.text.HAL_TIM_PeriodElapsedHalfCpltCallback), (8 bytes).
    Removing stm32f4xx_hal_tim.o(.text.HAL_TIM_IC_CaptureHalfCpltCallback), (2 bytes).
    Removing stm32f4xx_hal_tim.o(.ARM.exidx.text.HAL_TIM_IC_CaptureHalfCpltCallback), (8 bytes).
    Removing stm32f4xx_hal_tim.o(.text.HAL_TIM_PWM_PulseFinishedHalfCpltCallback), (2 bytes).
    Removing stm32f4xx_hal_tim.o(.ARM.exidx.text.HAL_TIM_PWM_PulseFinishedHalfCpltCallback), (8 bytes).
    Removing stm32f4xx_hal_tim.o(.text.HAL_TIM_TriggerHalfCpltCallback), (2 bytes).
    Removing stm32f4xx_hal_tim.o(.ARM.exidx.text.HAL_TIM_TriggerHalfCpltCallback), (8 bytes).
    Removing stm32f4xx_hal_tim.o(.text.HAL_TIM_ErrorCallback), (2 bytes).
    Removing stm32f4xx_hal_tim.o(.ARM.exidx.text.HAL_TIM_ErrorCallback), (8 bytes).
    Removing stm32f4xx_hal_tim.o(.text.HAL_TIM_Base_GetState), (6 bytes).
    Removing stm32f4xx_hal_tim.o(.ARM.exidx.text.HAL_TIM_Base_GetState), (8 bytes).
    Removing stm32f4xx_hal_tim.o(.text.HAL_TIM_OC_GetState), (6 bytes).
    Removing stm32f4xx_hal_tim.o(.ARM.exidx.text.HAL_TIM_OC_GetState), (8 bytes).
    Removing stm32f4xx_hal_tim.o(.text.HAL_TIM_PWM_GetState), (6 bytes).
    Removing stm32f4xx_hal_tim.o(.ARM.exidx.text.HAL_TIM_PWM_GetState), (8 bytes).
    Removing stm32f4xx_hal_tim.o(.text.HAL_TIM_IC_GetState), (6 bytes).
    Removing stm32f4xx_hal_tim.o(.ARM.exidx.text.HAL_TIM_IC_GetState), (8 bytes).
    Removing stm32f4xx_hal_tim.o(.text.HAL_TIM_OnePulse_GetState), (6 bytes).
    Removing stm32f4xx_hal_tim.o(.ARM.exidx.text.HAL_TIM_OnePulse_GetState), (8 bytes).
    Removing stm32f4xx_hal_tim.o(.text.HAL_TIM_Encoder_GetState), (6 bytes).
    Removing stm32f4xx_hal_tim.o(.ARM.exidx.text.HAL_TIM_Encoder_GetState), (8 bytes).
    Removing stm32f4xx_hal_tim.o(.text.HAL_TIM_GetActiveChannel), (4 bytes).
    Removing stm32f4xx_hal_tim.o(.ARM.exidx.text.HAL_TIM_GetActiveChannel), (8 bytes).
    Removing stm32f4xx_hal_tim.o(.text.HAL_TIM_GetChannelState), (32 bytes).
    Removing stm32f4xx_hal_tim.o(.ARM.exidx.text.HAL_TIM_GetChannelState), (8 bytes).
    Removing stm32f4xx_hal_tim.o(.text.HAL_TIM_DMABurstState), (6 bytes).
    Removing stm32f4xx_hal_tim.o(.ARM.exidx.text.HAL_TIM_DMABurstState), (8 bytes).
    Removing stm32f4xx_hal_tim.o(.rodata.cst16), (32 bytes).
    Removing stm32f4xx_hal_tim_ex.o(.text), (0 bytes).
    Removing stm32f4xx_hal_tim_ex.o(.text.HAL_TIMEx_HallSensor_Init), (194 bytes).
    Removing stm32f4xx_hal_tim_ex.o(.ARM.exidx.text.HAL_TIMEx_HallSensor_Init), (8 bytes).
    Removing stm32f4xx_hal_tim_ex.o(.text.HAL_TIMEx_HallSensor_MspInit), (2 bytes).
    Removing stm32f4xx_hal_tim_ex.o(.ARM.exidx.text.HAL_TIMEx_HallSensor_MspInit), (8 bytes).
    Removing stm32f4xx_hal_tim_ex.o(.text.HAL_TIMEx_HallSensor_DeInit), (80 bytes).
    Removing stm32f4xx_hal_tim_ex.o(.ARM.exidx.text.HAL_TIMEx_HallSensor_DeInit), (8 bytes).
    Removing stm32f4xx_hal_tim_ex.o(.text.HAL_TIMEx_HallSensor_MspDeInit), (2 bytes).
    Removing stm32f4xx_hal_tim_ex.o(.ARM.exidx.text.HAL_TIMEx_HallSensor_MspDeInit), (8 bytes).
    Removing stm32f4xx_hal_tim_ex.o(.text.HAL_TIMEx_HallSensor_Start), (174 bytes).
    Removing stm32f4xx_hal_tim_ex.o(.ARM.exidx.text.HAL_TIMEx_HallSensor_Start), (8 bytes).
    Removing stm32f4xx_hal_tim_ex.o(.text.HAL_TIMEx_HallSensor_Stop), (66 bytes).
    Removing stm32f4xx_hal_tim_ex.o(.ARM.exidx.text.HAL_TIMEx_HallSensor_Stop), (8 bytes).
    Removing stm32f4xx_hal_tim_ex.o(.text.HAL_TIMEx_HallSensor_Start_IT), (182 bytes).
    Removing stm32f4xx_hal_tim_ex.o(.ARM.exidx.text.HAL_TIMEx_HallSensor_Start_IT), (8 bytes).
    Removing stm32f4xx_hal_tim_ex.o(.text.HAL_TIMEx_HallSensor_Stop_IT), (74 bytes).
    Removing stm32f4xx_hal_tim_ex.o(.ARM.exidx.text.HAL_TIMEx_HallSensor_Stop_IT), (8 bytes).
    Removing stm32f4xx_hal_tim_ex.o(.text.HAL_TIMEx_HallSensor_Start_DMA), (234 bytes).
    Removing stm32f4xx_hal_tim_ex.o(.ARM.exidx.text.HAL_TIMEx_HallSensor_Start_DMA), (8 bytes).
    Removing stm32f4xx_hal_tim_ex.o(.text.HAL_TIMEx_HallSensor_Stop_DMA), (74 bytes).
    Removing stm32f4xx_hal_tim_ex.o(.ARM.exidx.text.HAL_TIMEx_HallSensor_Stop_DMA), (8 bytes).
    Removing stm32f4xx_hal_tim_ex.o(.text.HAL_TIMEx_OCN_Start), (206 bytes).
    Removing stm32f4xx_hal_tim_ex.o(.ARM.exidx.text.HAL_TIMEx_OCN_Start), (8 bytes).
    Removing stm32f4xx_hal_tim_ex.o(.text.HAL_TIMEx_OCN_Stop), (136 bytes).
    Removing stm32f4xx_hal_tim_ex.o(.ARM.exidx.text.HAL_TIMEx_OCN_Stop), (8 bytes).
    Removing stm32f4xx_hal_tim_ex.o(.text.HAL_TIMEx_OCN_Start_IT), (266 bytes).
    Removing stm32f4xx_hal_tim_ex.o(.ARM.exidx.text.HAL_TIMEx_OCN_Start_IT), (8 bytes).
    Removing stm32f4xx_hal_tim_ex.o(.text.HAL_TIMEx_OCN_Stop_IT), (214 bytes).
    Removing stm32f4xx_hal_tim_ex.o(.ARM.exidx.text.HAL_TIMEx_OCN_Stop_IT), (8 bytes).
    Removing stm32f4xx_hal_tim_ex.o(.text.HAL_TIMEx_OCN_Start_DMA), (486 bytes).
    Removing stm32f4xx_hal_tim_ex.o(.ARM.exidx.text.HAL_TIMEx_OCN_Start_DMA), (8 bytes).
    Removing stm32f4xx_hal_tim_ex.o(.text.TIM_DMADelayPulseNCplt), (104 bytes).
    Removing stm32f4xx_hal_tim_ex.o(.ARM.exidx.text.TIM_DMADelayPulseNCplt), (8 bytes).
    Removing stm32f4xx_hal_tim_ex.o(.text.TIM_DMAErrorCCxN), (66 bytes).
    Removing stm32f4xx_hal_tim_ex.o(.ARM.exidx.text.TIM_DMAErrorCCxN), (8 bytes).
    Removing stm32f4xx_hal_tim_ex.o(.text.HAL_TIMEx_OCN_Stop_DMA), (200 bytes).
    Removing stm32f4xx_hal_tim_ex.o(.ARM.exidx.text.HAL_TIMEx_OCN_Stop_DMA), (8 bytes).
    Removing stm32f4xx_hal_tim_ex.o(.text.HAL_TIMEx_PWMN_Start), (206 bytes).
    Removing stm32f4xx_hal_tim_ex.o(.ARM.exidx.text.HAL_TIMEx_PWMN_Start), (8 bytes).
    Removing stm32f4xx_hal_tim_ex.o(.text.HAL_TIMEx_PWMN_Stop), (136 bytes).
    Removing stm32f4xx_hal_tim_ex.o(.ARM.exidx.text.HAL_TIMEx_PWMN_Stop), (8 bytes).
    Removing stm32f4xx_hal_tim_ex.o(.text.HAL_TIMEx_PWMN_Start_IT), (266 bytes).
    Removing stm32f4xx_hal_tim_ex.o(.ARM.exidx.text.HAL_TIMEx_PWMN_Start_IT), (8 bytes).
    Removing stm32f4xx_hal_tim_ex.o(.text.HAL_TIMEx_PWMN_Stop_IT), (214 bytes).
    Removing stm32f4xx_hal_tim_ex.o(.ARM.exidx.text.HAL_TIMEx_PWMN_Stop_IT), (8 bytes).
    Removing stm32f4xx_hal_tim_ex.o(.text.HAL_TIMEx_PWMN_Start_DMA), (486 bytes).
    Removing stm32f4xx_hal_tim_ex.o(.ARM.exidx.text.HAL_TIMEx_PWMN_Start_DMA), (8 bytes).
    Removing stm32f4xx_hal_tim_ex.o(.text.HAL_TIMEx_PWMN_Stop_DMA), (200 bytes).
    Removing stm32f4xx_hal_tim_ex.o(.ARM.exidx.text.HAL_TIMEx_PWMN_Stop_DMA), (8 bytes).
    Removing stm32f4xx_hal_tim_ex.o(.text.HAL_TIMEx_OnePulseN_Start), (118 bytes).
    Removing stm32f4xx_hal_tim_ex.o(.ARM.exidx.text.HAL_TIMEx_OnePulseN_Start), (8 bytes).
    Removing stm32f4xx_hal_tim_ex.o(.text.HAL_TIMEx_OnePulseN_Stop), (118 bytes).
    Removing stm32f4xx_hal_tim_ex.o(.ARM.exidx.text.HAL_TIMEx_OnePulseN_Stop), (8 bytes).
    Removing stm32f4xx_hal_tim_ex.o(.text.HAL_TIMEx_OnePulseN_Start_IT), (134 bytes).
    Removing stm32f4xx_hal_tim_ex.o(.ARM.exidx.text.HAL_TIMEx_OnePulseN_Start_IT), (8 bytes).
    Removing stm32f4xx_hal_tim_ex.o(.text.HAL_TIMEx_OnePulseN_Stop_IT), (134 bytes).
    Removing stm32f4xx_hal_tim_ex.o(.ARM.exidx.text.HAL_TIMEx_OnePulseN_Stop_IT), (8 bytes).
    Removing stm32f4xx_hal_tim_ex.o(.text.HAL_TIMEx_ConfigCommutEvent), (104 bytes).
    Removing stm32f4xx_hal_tim_ex.o(.ARM.exidx.text.HAL_TIMEx_ConfigCommutEvent), (8 bytes).
    Removing stm32f4xx_hal_tim_ex.o(.text.HAL_TIMEx_ConfigCommutEvent_IT), (104 bytes).
    Removing stm32f4xx_hal_tim_ex.o(.ARM.exidx.text.HAL_TIMEx_ConfigCommutEvent_IT), (8 bytes).
    Removing stm32f4xx_hal_tim_ex.o(.text.HAL_TIMEx_ConfigCommutEvent_DMA), (144 bytes).
    Removing stm32f4xx_hal_tim_ex.o(.ARM.exidx.text.HAL_TIMEx_ConfigCommutEvent_DMA), (8 bytes).
    Removing stm32f4xx_hal_tim_ex.o(.text.TIMEx_DMACommutationCplt), (12 bytes).
    Removing stm32f4xx_hal_tim_ex.o(.ARM.exidx.text.TIMEx_DMACommutationCplt), (8 bytes).
    Removing stm32f4xx_hal_tim_ex.o(.text.TIMEx_DMACommutationHalfCplt), (12 bytes).
    Removing stm32f4xx_hal_tim_ex.o(.ARM.exidx.text.TIMEx_DMACommutationHalfCplt), (8 bytes).
    Removing stm32f4xx_hal_tim_ex.o(.text.HAL_TIMEx_MasterConfigSynchronization), (152 bytes).
    Removing stm32f4xx_hal_tim_ex.o(.ARM.exidx.text.HAL_TIMEx_MasterConfigSynchronization), (8 bytes).
    Removing stm32f4xx_hal_tim_ex.o(.text.HAL_TIMEx_ConfigBreakDeadTime), (80 bytes).
    Removing stm32f4xx_hal_tim_ex.o(.ARM.exidx.text.HAL_TIMEx_ConfigBreakDeadTime), (8 bytes).
    Removing stm32f4xx_hal_tim_ex.o(.text.HAL_TIMEx_RemapConfig), (26 bytes).
    Removing stm32f4xx_hal_tim_ex.o(.ARM.exidx.text.HAL_TIMEx_RemapConfig), (8 bytes).
    Removing stm32f4xx_hal_tim_ex.o(.text.HAL_TIMEx_CommutCallback), (2 bytes).
    Removing stm32f4xx_hal_tim_ex.o(.ARM.exidx.text.HAL_TIMEx_CommutCallback), (8 bytes).
    Removing stm32f4xx_hal_tim_ex.o(.text.HAL_TIMEx_CommutHalfCpltCallback), (2 bytes).
    Removing stm32f4xx_hal_tim_ex.o(.ARM.exidx.text.HAL_TIMEx_CommutHalfCpltCallback), (8 bytes).
    Removing stm32f4xx_hal_tim_ex.o(.text.HAL_TIMEx_BreakCallback), (2 bytes).
    Removing stm32f4xx_hal_tim_ex.o(.ARM.exidx.text.HAL_TIMEx_BreakCallback), (8 bytes).
    Removing stm32f4xx_hal_tim_ex.o(.text.HAL_TIMEx_HallSensor_GetState), (6 bytes).
    Removing stm32f4xx_hal_tim_ex.o(.ARM.exidx.text.HAL_TIMEx_HallSensor_GetState), (8 bytes).
    Removing stm32f4xx_hal_tim_ex.o(.text.HAL_TIMEx_GetChannelNState), (32 bytes).
    Removing stm32f4xx_hal_tim_ex.o(.ARM.exidx.text.HAL_TIMEx_GetChannelNState), (8 bytes).
    Removing system_stm32f4xx.o(.text), (0 bytes).
    Removing system_stm32f4xx.o(.ARM.exidx.text.SystemInit), (8 bytes).
    Removing system_stm32f4xx.o(.text.SystemCoreClockUpdate), (134 bytes).
    Removing system_stm32f4xx.o(.ARM.exidx.text.SystemCoreClockUpdate), (8 bytes).
    Removing system_stm32f4xx.o(.rodata.APBPrescTable), (8 bytes).
    Removing lcd.o(.text), (0 bytes).
    Removing lcd.o(.text.LCD_RESET), (46 bytes).
    Removing lcd.o(.ARM.exidx.text.LCD_RESET), (8 bytes).
    Removing lcd.o(.text.LCD_WR_REG), (70 bytes).
    Removing lcd.o(.ARM.exidx.text.LCD_WR_REG), (8 bytes).
    Removing lcd.o(.text.LCD_WR_DATA), (70 bytes).
    Removing lcd.o(.ARM.exidx.text.LCD_WR_DATA), (8 bytes).
    Removing lcd.o(.text.LCD_ReadData), (66 bytes).
    Removing lcd.o(.ARM.exidx.text.LCD_ReadData), (8 bytes).
    Removing lcd.o(.ARM.exidx.text.LCD_WriteReg), (8 bytes).
    Removing lcd.o(.text.LCD_WriteRAM_Prepare), (80 bytes).
    Removing lcd.o(.ARM.exidx.text.LCD_WriteRAM_Prepare), (8 bytes).
    Removing lcd.o(.text.LCD_WriteData_16Bit), (74 bytes).
    Removing lcd.o(.ARM.exidx.text.LCD_WriteData_16Bit), (8 bytes).
    Removing lcd.o(.text.LCD_direction), (84 bytes).
    Removing lcd.o(.ARM.exidx.text.LCD_direction), (8 bytes).
    Removing lcd.o(.ARM.exidx.text.LCD_SetWindows), (8 bytes).
    Removing lcd.o(.text.LCD_SetCursor), (8 bytes).
    Removing lcd.o(.ARM.exidx.text.LCD_SetCursor), (8 bytes).
    Removing lcd.o(.ARM.exidx.text.LCD_Clear), (8 bytes).
    Removing lcd.o(.ARM.exidx.text.LCD_Fill), (8 bytes).
    Removing lcd.o(.ARM.exidx.text.LCD_DrawPoint), (8 bytes).
    Removing lcd.o(.ARM.exidx.text.LCD_DrawLine), (8 bytes).
    Removing lcd.o(.text.LCD_DrawRectangle), (82 bytes).
    Removing lcd.o(.ARM.exidx.text.LCD_DrawRectangle), (8 bytes).
    Removing lcd.o(.ARM.exidx.text.LCD_DrawCircle), (8 bytes).
    Removing lcd.o(.ARM.exidx.text.LCD_ShowChar), (8 bytes).
    Removing lcd.o(.ARM.exidx.text.LCD_ShowString), (8 bytes).
    Removing lcd.o(.text.mypow), (24 bytes).
    Removing lcd.o(.ARM.exidx.text.mypow), (8 bytes).
    Removing lcd.o(.ARM.exidx.text.LCD_ShowIntNum), (8 bytes).
    Removing lcd.o(.text.LCD_ShowFloatNum1), (260 bytes).
    Removing lcd.o(.ARM.exidx.text.LCD_ShowFloatNum1), (8 bytes).
    Removing lcd.o(.ARM.exidx.text.LCD_ShowPicture), (8 bytes).
    Removing lcd.o(.text.LCD_Get_Id), (104 bytes).
    Removing lcd.o(.ARM.exidx.text.LCD_Get_Id), (8 bytes).
    Removing lcd.o(.ARM.exidx.text.LCD_Init), (8 bytes).
    Removing lcd.o(.ARM.exidx.text._ili9341_init), (8 bytes).
    Removing touch_xpt2046.o(.text), (0 bytes).
    Removing touch_xpt2046.o(.ARM.exidx.text.TP_Init), (8 bytes).
    Removing touch_xpt2046.o(.ARM.exidx.text.TP_Scan), (8 bytes).
    Removing touch_xpt2046.o(.ARM.exidx.text.TP_Adjust), (8 bytes).
    Removing touch_xpt2046.o(.ARM.exidx.text.TP_Read_AD), (8 bytes).
    Removing touch_xpt2046.o(.ARM.exidx.text.TP_Read_Vbat), (8 bytes).
    Removing touch_xpt2046.o(.ARM.exidx.text.TP_Read_AUXIN), (8 bytes).
    Removing touch_xpt2046.o(.text.TP_Read_Temp), (102 bytes).
    Removing touch_xpt2046.o(.ARM.exidx.text.TP_Read_Temp), (8 bytes).
    Removing touch_xpt2046.o(.ARM.exidx.text.TP_Read_XY), (8 bytes).
    Removing touch_xpt2046.o(.text.TP_Read_XY2), (118 bytes).
    Removing touch_xpt2046.o(.ARM.exidx.text.TP_Read_XY2), (8 bytes).
    Removing touch_xpt2046.o(.text.TP_Save_Adjdata), (2 bytes).
    Removing touch_xpt2046.o(.ARM.exidx.text.TP_Save_Adjdata), (8 bytes).
    Removing touch_xpt2046.o(.text.TP_Get_Adjdata), (4 bytes).
    Removing touch_xpt2046.o(.ARM.exidx.text.TP_Get_Adjdata), (8 bytes).
    Removing touch_xpt2046.o(.text.TP_Drow_Touch_Point), (132 bytes).
    Removing touch_xpt2046.o(.ARM.exidx.text.TP_Drow_Touch_Point), (8 bytes).
    Removing touch_xpt2046.o(.text.TP_Draw_Big_Point), (58 bytes).
    Removing touch_xpt2046.o(.ARM.exidx.text.TP_Draw_Big_Point), (8 bytes).
    Removing touch_xpt2046.o(.ARM.exidx.text.TP_Adj_Info_Show), (8 bytes).
    Removing touch_xpt2046.o(.data.TP_REMIND_MSG_TBL), (4 bytes).
    Removing dadd.o(.text), (334 bytes).
    Removing ddiv.o(.text), (222 bytes).
    Removing dfixul.o(.text), (48 bytes).
    Removing cdrcmple.o(.text), (48 bytes).

936 unused section(s) (total 45011 bytes) removed from the image.

==============================================================================

Image Symbol Table

    Local Symbols

    Symbol Name                              Value     Ov Type        Size  Object(Section)

    ../clib/division.s                       0x00000000   Number         0  aeabi_sdiv.o ABSOLUTE
    ../clib/microlib/division.c              0x00000000   Number         0  uldiv.o ABSOLUTE
    ../clib/microlib/division.c              0x00000000   Number         0  uidiv.o ABSOLUTE
    ../clib/microlib/errno.c                 0x00000000   Number         0  errno.o ABSOLUTE
    ../clib/microlib/init/entry.s            0x00000000   Number         0  entry.o ABSOLUTE
    ../clib/microlib/init/entry.s            0x00000000   Number         0  entry2.o ABSOLUTE
    ../clib/microlib/init/entry.s            0x00000000   Number         0  entry5.o ABSOLUTE
    ../clib/microlib/init/entry.s            0x00000000   Number         0  entry7a.o ABSOLUTE
    ../clib/microlib/init/entry.s            0x00000000   Number         0  entry7b.o ABSOLUTE
    ../clib/microlib/init/entry.s            0x00000000   Number         0  entry8a.o ABSOLUTE
    ../clib/microlib/init/entry.s            0x00000000   Number         0  entry8b.o ABSOLUTE
    ../clib/microlib/init/entry.s            0x00000000   Number         0  entry9a.o ABSOLUTE
    ../clib/microlib/init/entry.s            0x00000000   Number         0  entry9b.o ABSOLUTE
    ../clib/microlib/init/entry.s            0x00000000   Number         0  entry10a.o ABSOLUTE
    ../clib/microlib/init/entry.s            0x00000000   Number         0  entry10b.o ABSOLUTE
    ../clib/microlib/init/entry.s            0x00000000   Number         0  entry11a.o ABSOLUTE
    ../clib/microlib/init/entry.s            0x00000000   Number         0  entry11b.o ABSOLUTE
    ../clib/microlib/longlong.c              0x00000000   Number         0  llshl.o ABSOLUTE
    ../clib/microlib/longlong.c              0x00000000   Number         0  llushr.o ABSOLUTE
    ../clib/microlib/longlong.c              0x00000000   Number         0  llsshr.o ABSOLUTE
    ../clib/microlib/printf/printf.c         0x00000000   Number         0  printfb.o ABSOLUTE
    ../clib/microlib/printf/printf.c         0x00000000   Number         0  printf0.o ABSOLUTE
    ../clib/microlib/printf/printf.c         0x00000000   Number         0  printf1.o ABSOLUTE
    ../clib/microlib/printf/printf.c         0x00000000   Number         0  printf2.o ABSOLUTE
    ../clib/microlib/printf/printf.c         0x00000000   Number         0  printf3.o ABSOLUTE
    ../clib/microlib/printf/printf.c         0x00000000   Number         0  printf4.o ABSOLUTE
    ../clib/microlib/printf/printf.c         0x00000000   Number         0  printf5.o ABSOLUTE
    ../clib/microlib/printf/printf.c         0x00000000   Number         0  printf6.o ABSOLUTE
    ../clib/microlib/printf/printf.c         0x00000000   Number         0  printf7.o ABSOLUTE
    ../clib/microlib/printf/printf.c         0x00000000   Number         0  printf8.o ABSOLUTE
    ../clib/microlib/printf/printf.c         0x00000000   Number         0  printfa.o ABSOLUTE
    ../clib/microlib/printf/stubs.s          0x00000000   Number         0  printfstubs.o ABSOLUTE
    ../clib/microlib/stdio/fputc.c           0x00000000   Number         0  fputc.o ABSOLUTE
    ../clib/microlib/stdio/fputc.c           0x00000000   Number         0  fputc_h.o ABSOLUTE
    ../clib/microlib/stdio/semi.s            0x00000000   Number         0  semi.o ABSOLUTE
    ../clib/microlib/stdio/streams.c         0x00000000   Number         0  stdout.o ABSOLUTE
    ../clib/microlib/string/memset.c         0x00000000   Number         0  memseta.o ABSOLUTE
    ../clib/microlib/stubs.s                 0x00000000   Number         0  iusefp.o ABSOLUTE
    ../clib/microlib/stubs.s                 0x00000000   Number         0  iusesemip.o ABSOLUTE
    ../fplib/microlib/f2d.c                  0x00000000   Number         0  f2d.o ABSOLUTE
    ../fplib/microlib/fpadd.c                0x00000000   Number         0  dadd.o ABSOLUTE
    ../fplib/microlib/fpcmp.c                0x00000000   Number         0  dcmple.o ABSOLUTE
    ../fplib/microlib/fpcmp.c                0x00000000   Number         0  dcmplt.o ABSOLUTE
    ../fplib/microlib/fpcmp.c                0x00000000   Number         0  dcmpgt.o ABSOLUTE
    ../fplib/microlib/fpdiv.c                0x00000000   Number         0  ddiv.o ABSOLUTE
    ../fplib/microlib/fpepilogue.c           0x00000000   Number         0  depilogue.o ABSOLUTE
    ../fplib/microlib/fpfix.c                0x00000000   Number         0  dfixi.o ABSOLUTE
    ../fplib/microlib/fpfix.c                0x00000000   Number         0  dfixul.o ABSOLUTE
    ../fplib/microlib/fpflt.c                0x00000000   Number         0  dfltui.o ABSOLUTE
    ../fplib/microlib/fpmul.c                0x00000000   Number         0  dmul.o ABSOLUTE
    ../fplib/microlib/fpsqrt.c               0x00000000   Number         0  dsqrt.o ABSOLUTE
    ../mathlib/sqrt.c                        0x00000000   Number         0  sqrt.o ABSOLUTE
    cdrcmple.s                               0x00000000   Number         0  cdrcmple.o ABSOLUTE
    dc.s                                     0x00000000   Number         0  dc.o ABSOLUTE
    dma.c                                    0x00000000   Number         0  dma.o ABSOLUTE
    dwt_stm32_delay.c                        0x00000000   Number         0  dwt_stm32_delay.o ABSOLUTE
    gpio.c                                   0x00000000   Number         0  gpio.o ABSOLUTE
    handlers.s                               0x00000000   Number         0  handlers.o ABSOLUTE
    init.s                                   0x00000000   Number         0  init.o ABSOLUTE
    lcd.c                                    0x00000000   Number         0  lcd.o ABSOLUTE
    main.c                                   0x00000000   Number         0  main.o ABSOLUTE
    rtc.c                                    0x00000000   Number         0  rtc.o ABSOLUTE
    spi.c                                    0x00000000   Number         0  spi.o ABSOLUTE
    startup_stm32f411xe.s                    0x00000000   Number         0  startup_stm32f411xe.o ABSOLUTE
    stm32f4xx_hal.c                          0x00000000   Number         0  stm32f4xx_hal.o ABSOLUTE
    stm32f4xx_hal_cortex.c                   0x00000000   Number         0  stm32f4xx_hal_cortex.o ABSOLUTE
    stm32f4xx_hal_dma.c                      0x00000000   Number         0  stm32f4xx_hal_dma.o ABSOLUTE
    stm32f4xx_hal_dma_ex.c                   0x00000000   Number         0  stm32f4xx_hal_dma_ex.o ABSOLUTE
    stm32f4xx_hal_exti.c                     0x00000000   Number         0  stm32f4xx_hal_exti.o ABSOLUTE
    stm32f4xx_hal_flash.c                    0x00000000   Number         0  stm32f4xx_hal_flash.o ABSOLUTE
    stm32f4xx_hal_flash_ex.c                 0x00000000   Number         0  stm32f4xx_hal_flash_ex.o ABSOLUTE
    stm32f4xx_hal_flash_ramfunc.c            0x00000000   Number         0  stm32f4xx_hal_flash_ramfunc.o ABSOLUTE
    stm32f4xx_hal_gpio.c                     0x00000000   Number         0  stm32f4xx_hal_gpio.o ABSOLUTE
    stm32f4xx_hal_msp.c                      0x00000000   Number         0  stm32f4xx_hal_msp.o ABSOLUTE
    stm32f4xx_hal_pwr.c                      0x00000000   Number         0  stm32f4xx_hal_pwr.o ABSOLUTE
    stm32f4xx_hal_pwr_ex.c                   0x00000000   Number         0  stm32f4xx_hal_pwr_ex.o ABSOLUTE
    stm32f4xx_hal_rcc.c                      0x00000000   Number         0  stm32f4xx_hal_rcc.o ABSOLUTE
    stm32f4xx_hal_rcc_ex.c                   0x00000000   Number         0  stm32f4xx_hal_rcc_ex.o ABSOLUTE
    stm32f4xx_hal_rtc.c                      0x00000000   Number         0  stm32f4xx_hal_rtc.o ABSOLUTE
    stm32f4xx_hal_rtc_ex.c                   0x00000000   Number         0  stm32f4xx_hal_rtc_ex.o ABSOLUTE
    stm32f4xx_hal_spi.c                      0x00000000   Number         0  stm32f4xx_hal_spi.o ABSOLUTE
    stm32f4xx_hal_tim.c                      0x00000000   Number         0  stm32f4xx_hal_tim.o ABSOLUTE
    stm32f4xx_hal_tim_ex.c                   0x00000000   Number         0  stm32f4xx_hal_tim_ex.o ABSOLUTE
    stm32f4xx_it.c                           0x00000000   Number         0  stm32f4xx_it.o ABSOLUTE
    system_stm32f4xx.c                       0x00000000   Number         0  system_stm32f4xx.o ABSOLUTE
    tim.c                                    0x00000000   Number         0  tim.o ABSOLUTE
    touch_xpt2046.c                          0x00000000   Number         0  touch_xpt2046.o ABSOLUTE
    RESET                                    0x08000000   Section      408  startup_stm32f411xe.o(RESET)
    .ARM.Collect$$$$00000000                 0x08000198   Section        0  entry.o(.ARM.Collect$$$$00000000)
    .ARM.Collect$$$$00000001                 0x08000198   Section        4  entry2.o(.ARM.Collect$$$$00000001)
    .ARM.Collect$$$$00000004                 0x0800019c   Section        4  entry5.o(.ARM.Collect$$$$00000004)
    .ARM.Collect$$$$00000008                 0x080001a0   Section        0  entry7b.o(.ARM.Collect$$$$00000008)
    .ARM.Collect$$$$0000000A                 0x080001a0   Section        0  entry8b.o(.ARM.Collect$$$$0000000A)
    .ARM.Collect$$$$0000000B                 0x080001a0   Section        8  entry9a.o(.ARM.Collect$$$$0000000B)
    __lit__00000000                          0x080001a8   Data           4  entry2.o(.ARM.Collect$$$$00002712)
    .ARM.Collect$$$$0000000D                 0x080001a8   Section        0  entry10a.o(.ARM.Collect$$$$0000000D)
    .ARM.Collect$$$$0000000F                 0x080001a8   Section        0  entry11a.o(.ARM.Collect$$$$0000000F)
    .ARM.Collect$$$$00002712                 0x080001a8   Section        4  entry2.o(.ARM.Collect$$$$00002712)
    $v0                                      0x080001ac   Number         0  startup_stm32f411xe.o(.text)
    .text                                    0x080001ac   Section       36  startup_stm32f411xe.o(.text)
    .text                                    0x080001d0   Section        0  uldiv.o(.text)
    .text                                    0x08000232   Section        0  memseta.o(.text)
    .text                                    0x08000256   Section        0  dmul.o(.text)
    .text                                    0x0800033a   Section        0  dcmple.o(.text)
    .text                                    0x08000370   Section        0  dcmplt.o(.text)
    .text                                    0x080003a6   Section        0  dcmpgt.o(.text)
    .text                                    0x080003dc   Section        0  dfltui.o(.text)
    .text                                    0x080003f6   Section        0  dfixi.o(.text)
    .text                                    0x08000434   Section        0  f2d.o(.text)
    .text                                    0x0800045a   Section        0  uidiv.o(.text)
    .text                                    0x08000486   Section        0  llshl.o(.text)
    .text                                    0x080004a4   Section        0  llushr.o(.text)
    .text                                    0x080004c4   Section        0  iusefp.o(.text)
    .text                                    0x080004c4   Section        0  depilogue.o(.text)
    .text                                    0x0800057e   Section        0  dsqrt.o(.text)
    .text                                    0x08000620   Section       48  init.o(.text)
    [Anonymous Symbol]                       0x08000650   Section        0  stm32f4xx_it.o(.text.BusFault_Handler)
    [Anonymous Symbol]                       0x08000654   Section        0  stm32f4xx_it.o(.text.DMA2_Stream2_IRQHandler)
    [Anonymous Symbol]                       0x08000660   Section        0  dwt_stm32_delay.o(.text.DWT_Delay_Init)
    [Anonymous Symbol]                       0x080006a4   Section        0  stm32f4xx_it.o(.text.DebugMon_Handler)
    [Anonymous Symbol]                       0x080006a8   Section        0  main.o(.text.Error_Handler)
    [Anonymous Symbol]                       0x080006b4   Section        0  stm32f4xx_hal_dma.o(.text.HAL_DMA_IRQHandler)
    [Anonymous Symbol]                       0x08000840   Section        0  stm32f4xx_hal_dma.o(.text.HAL_DMA_Init)
    [Anonymous Symbol]                       0x08000980   Section        0  stm32f4xx_hal.o(.text.HAL_Delay)
    [Anonymous Symbol]                       0x080009a8   Section        0  stm32f4xx_hal_gpio.o(.text.HAL_GPIO_Init)
    [Anonymous Symbol]                       0x08000b40   Section        0  stm32f4xx_hal_gpio.o(.text.HAL_GPIO_ReadPin)
    [Anonymous Symbol]                       0x08000b4c   Section        0  stm32f4xx_hal_gpio.o(.text.HAL_GPIO_WritePin)
    [Anonymous Symbol]                       0x08000b58   Section        0  stm32f4xx_hal.o(.text.HAL_GetTick)
    [Anonymous Symbol]                       0x08000b64   Section        0  stm32f4xx_hal.o(.text.HAL_IncTick)
    [Anonymous Symbol]                       0x08000b80   Section        0  stm32f4xx_hal.o(.text.HAL_Init)
    [Anonymous Symbol]                       0x08000bb8   Section        0  stm32f4xx_hal.o(.text.HAL_InitTick)
    [Anonymous Symbol]                       0x08000c08   Section        0  stm32f4xx_hal_msp.o(.text.HAL_MspInit)
    [Anonymous Symbol]                       0x08000c40   Section        0  stm32f4xx_hal_cortex.o(.text.HAL_NVIC_EnableIRQ)
    [Anonymous Symbol]                       0x08000c60   Section        0  stm32f4xx_hal_cortex.o(.text.HAL_NVIC_SetPriority)
    [Anonymous Symbol]                       0x08000cb8   Section        0  stm32f4xx_hal_cortex.o(.text.HAL_NVIC_SetPriorityGrouping)
    [Anonymous Symbol]                       0x08000cd8   Section        0  stm32f4xx_hal_rcc_ex.o(.text.HAL_RCCEx_PeriphCLKConfig)
    [Anonymous Symbol]                       0x08000e30   Section        0  stm32f4xx_hal_rcc.o(.text.HAL_RCC_ClockConfig)
    [Anonymous Symbol]                       0x08000f90   Section        0  stm32f4xx_hal_rcc.o(.text.HAL_RCC_GetHCLKFreq)
    [Anonymous Symbol]                       0x08000f9c   Section        0  stm32f4xx_hal_rcc.o(.text.HAL_RCC_GetSysClockFreq)
    [Anonymous Symbol]                       0x08001004   Section        0  stm32f4xx_hal_rcc.o(.text.HAL_RCC_OscConfig)
    [Anonymous Symbol]                       0x08001358   Section        0  stm32f4xx_hal_rtc.o(.text.HAL_RTC_Init)
    [Anonymous Symbol]                       0x0800145c   Section        0  rtc.o(.text.HAL_RTC_MspInit)
    [Anonymous Symbol]                       0x080014ac   Section        0  stm32f4xx_hal_spi.o(.text.HAL_SPI_Init)
    [Anonymous Symbol]                       0x08001560   Section        0  spi.o(.text.HAL_SPI_MspInit)
    [Anonymous Symbol]                       0x08001678   Section        0  stm32f4xx_hal_spi.o(.text.HAL_SPI_Receive)
    [Anonymous Symbol]                       0x080017c8   Section        0  stm32f4xx_hal_spi.o(.text.HAL_SPI_Transmit)
    [Anonymous Symbol]                       0x08001988   Section        0  stm32f4xx_hal_spi.o(.text.HAL_SPI_TransmitReceive)
    [Anonymous Symbol]                       0x08001bac   Section        0  stm32f4xx_hal_cortex.o(.text.HAL_SYSTICK_Config)
    [Anonymous Symbol]                       0x08001bd8   Section        0  stm32f4xx_hal_tim.o(.text.HAL_TIM_PWM_ConfigChannel)
    [Anonymous Symbol]                       0x08001dd0   Section        0  stm32f4xx_hal_tim.o(.text.HAL_TIM_PWM_Init)
    [Anonymous Symbol]                       0x08001e2c   Section        0  tim.o(.text.HAL_TIM_PWM_MspInit)
    [Anonymous Symbol]                       0x08001e60   Section        0  stm32f4xx_hal_tim.o(.text.HAL_TIM_PWM_Start)
    [Anonymous Symbol]                       0x08001f3c   Section        0  stm32f4xx_it.o(.text.HardFault_Handler)
    [Anonymous Symbol]                       0x08001f40   Section        0  lcd.o(.text.LCD_Clear)
    [Anonymous Symbol]                       0x08001fe8   Section        0  lcd.o(.text.LCD_DrawCircle)
    [Anonymous Symbol]                       0x080022c8   Section        0  lcd.o(.text.LCD_DrawLine)
    [Anonymous Symbol]                       0x080023b4   Section        0  lcd.o(.text.LCD_DrawPoint)
    [Anonymous Symbol]                       0x08002408   Section        0  lcd.o(.text.LCD_Fill)
    [Anonymous Symbol]                       0x080024ac   Section        0  lcd.o(.text.LCD_Init)
    [Anonymous Symbol]                       0x080031ac   Section        0  lcd.o(.text.LCD_SetWindows)
    [Anonymous Symbol]                       0x08003400   Section        0  lcd.o(.text.LCD_ShowChar)
    [Anonymous Symbol]                       0x08003610   Section        0  lcd.o(.text.LCD_ShowIntNum)
    [Anonymous Symbol]                       0x080036cc   Section        0  lcd.o(.text.LCD_ShowPicture)
    [Anonymous Symbol]                       0x080037b0   Section        0  lcd.o(.text.LCD_ShowString)
    [Anonymous Symbol]                       0x080037f8   Section        0  lcd.o(.text.LCD_WriteReg)
    [Anonymous Symbol]                       0x08003874   Section        0  dma.o(.text.MX_DMA_Init)
    [Anonymous Symbol]                       0x080038ac   Section        0  gpio.o(.text.MX_GPIO_Init)
    [Anonymous Symbol]                       0x0800398c   Section        0  rtc.o(.text.MX_RTC_Init)
    [Anonymous Symbol]                       0x080039c4   Section        0  spi.o(.text.MX_SPI1_Init)
    [Anonymous Symbol]                       0x08003a10   Section        0  spi.o(.text.MX_SPI2_Init)
    [Anonymous Symbol]                       0x08003a5c   Section        0  tim.o(.text.MX_TIM9_Init)
    [Anonymous Symbol]                       0x08003b10   Section        0  stm32f4xx_it.o(.text.MemManage_Handler)
    [Anonymous Symbol]                       0x08003b14   Section        0  stm32f4xx_it.o(.text.NMI_Handler)
    [Anonymous Symbol]                       0x08003b18   Section        0  stm32f4xx_it.o(.text.PendSV_Handler)
    SPI_EndRxTransaction                     0x08003b1d   Thumb Code    88  stm32f4xx_hal_spi.o(.text.SPI_EndRxTransaction)
    [Anonymous Symbol]                       0x08003b1c   Section        0  stm32f4xx_hal_spi.o(.text.SPI_EndRxTransaction)
    SPI_WaitFlagStateUntilTimeout            0x08003b75   Thumb Code   206  stm32f4xx_hal_spi.o(.text.SPI_WaitFlagStateUntilTimeout)
    [Anonymous Symbol]                       0x08003b74   Section        0  stm32f4xx_hal_spi.o(.text.SPI_WaitFlagStateUntilTimeout)
    [Anonymous Symbol]                       0x08003c44   Section        0  stm32f4xx_it.o(.text.SVC_Handler)
    [Anonymous Symbol]                       0x08003c48   Section        0  stm32f4xx_it.o(.text.SysTick_Handler)
    [Anonymous Symbol]                       0x08003c4c   Section        0  main.o(.text.SystemClock_Config)
    [Anonymous Symbol]                       0x08003d00   Section        0  system_stm32f4xx.o(.text.SystemInit)
    [Anonymous Symbol]                       0x08003d14   Section        0  stm32f4xx_hal_tim.o(.text.TIM_Base_SetConfig)
    [Anonymous Symbol]                       0x08003df0   Section        0  touch_xpt2046.o(.text.TP_Adj_Info_Show)
    [Anonymous Symbol]                       0x08003fa8   Section        0  touch_xpt2046.o(.text.TP_Adjust)
    [Anonymous Symbol]                       0x08004c58   Section        0  touch_xpt2046.o(.text.TP_Init)
    [Anonymous Symbol]                       0x08004c74   Section        0  touch_xpt2046.o(.text.TP_Read_AD)
    [Anonymous Symbol]                       0x08004d10   Section        0  touch_xpt2046.o(.text.TP_Read_AUXIN)
    [Anonymous Symbol]                       0x08004d78   Section        0  touch_xpt2046.o(.text.TP_Read_Vbat)
    [Anonymous Symbol]                       0x08004de8   Section        0  touch_xpt2046.o(.text.TP_Read_XY)
    [Anonymous Symbol]                       0x08004ec8   Section        0  touch_xpt2046.o(.text.TP_Scan)
    [Anonymous Symbol]                       0x08005030   Section        0  stm32f4xx_it.o(.text.UsageFault_Handler)
    _ili9341_init                            0x08005035   Thumb Code  4014  lcd.o(.text._ili9341_init)
    [Anonymous Symbol]                       0x08005034   Section        0  lcd.o(.text._ili9341_init)
    [Anonymous Symbol]                       0x08005fe4   Section        0  main.o(.text.main)
    i.__0sprintf$6                           0x080062d0   Section        0  printf6.o(i.__0sprintf$6)
    i.__hardfp_sqrt                          0x080062f8   Section        0  sqrt.o(i.__hardfp_sqrt)
    i.__scatterload_copy                     0x08006372   Section       14  handlers.o(i.__scatterload_copy)
    i.__scatterload_null                     0x08006380   Section        2  handlers.o(i.__scatterload_null)
    i.__scatterload_zeroinit                 0x08006382   Section       14  handlers.o(i.__scatterload_zeroinit)
    i.__set_errno                            0x08006390   Section        0  errno.o(i.__set_errno)
    _printf_core                             0x0800639d   Thumb Code   748  printf6.o(i._printf_core)
    i._printf_core                           0x0800639c   Section        0  printf6.o(i._printf_core)
    _printf_post_padding                     0x0800668d   Thumb Code    36  printf6.o(i._printf_post_padding)
    i._printf_post_padding                   0x0800668c   Section        0  printf6.o(i._printf_post_padding)
    _printf_pre_padding                      0x080066b1   Thumb Code    46  printf6.o(i._printf_pre_padding)
    i._printf_pre_padding                    0x080066b0   Section        0  printf6.o(i._printf_pre_padding)
    _sputc                                   0x080066df   Thumb Code    10  printf6.o(i._sputc)
    i._sputc                                 0x080066de   Section        0  printf6.o(i._sputc)
    DMA_CalcBaseAndBitshift.flagBitshiftOffset 0x08009aec   Data           8  stm32f4xx_hal_dma.o(.rodata.cst8)
    [Anonymous Symbol]                       0x08009aec   Section        0  stm32f4xx_hal_dma.o(.rodata.cst8)
    .L.str.16                                0x0800e5f4   Data          24  touch_xpt2046.o(.rodata.str1.1)
    [Anonymous Symbol]                       0x0800e5f4   Section        0  touch_xpt2046.o(.rodata.str1.1)
    _errno                                   0x20000000   Data           4  errno.o(.data)
    .data                                    0x20000000   Section        4  errno.o(.data)
    CMD_RDX                                  0x20000004   Data           1  touch_xpt2046.o(.data.CMD_RDX)
    [Anonymous Symbol]                       0x20000004   Section        0  touch_xpt2046.o(.data.CMD_RDX)
    CMD_RDY                                  0x20000005   Data           1  touch_xpt2046.o(.data.CMD_RDY)
    [Anonymous Symbol]                       0x20000005   Section        0  touch_xpt2046.o(.data.CMD_RDY)
    STACK                                    0x200001d0   Section     1024  startup_stm32f411xe.o(STACK)

    Global Symbols

    Symbol Name                              Value     Ov Type        Size  Object(Section)

    BuildAttributes$$THM_ISAv4$E$P$D$K$B$S$7EM$VFPi3$EXTD16$VFPS$VFMA$PE$A:L22UL41UL21$X:L11$S22US41US21$IEEE1$IW$~IW$USESV6$~STKCKD$USESV7$~SHL$OTIME$ROPI$IEEEJ$EBA8$MICROLIB$REQ8$PRES8$EABIv2 0x00000000   Number         0  anon$$obj.o ABSOLUTE
    _printf_a                                0x00000000   Number         0  printfstubs.o ABSOLUTE
    _printf_c                                0x00000000   Number         0  printfstubs.o ABSOLUTE
    _printf_charcount                        0x00000000   Number         0  printfstubs.o ABSOLUTE
    _printf_d                                0x00000000   Number         0  printfstubs.o ABSOLUTE
    _printf_e                                0x00000000   Number         0  printfstubs.o ABSOLUTE
    _printf_f                                0x00000000   Number         0  printfstubs.o ABSOLUTE
    _printf_flags                            0x00000000   Number         0  printfstubs.o ABSOLUTE
    _printf_fp_dec                           0x00000000   Number         0  printfstubs.o ABSOLUTE
    _printf_fp_hex                           0x00000000   Number         0  printfstubs.o ABSOLUTE
    _printf_g                                0x00000000   Number         0  printfstubs.o ABSOLUTE
    _printf_i                                0x00000000   Number         0  printfstubs.o ABSOLUTE
    _printf_int_dec                          0x00000000   Number         0  printfstubs.o ABSOLUTE
    _printf_l                                0x00000000   Number         0  printfstubs.o ABSOLUTE
    _printf_lc                               0x00000000   Number         0  printfstubs.o ABSOLUTE
    _printf_ll                               0x00000000   Number         0  printfstubs.o ABSOLUTE
    _printf_lld                              0x00000000   Number         0  printfstubs.o ABSOLUTE
    _printf_lli                              0x00000000   Number         0  printfstubs.o ABSOLUTE
    _printf_llo                              0x00000000   Number         0  printfstubs.o ABSOLUTE
    _printf_llu                              0x00000000   Number         0  printfstubs.o ABSOLUTE
    _printf_llx                              0x00000000   Number         0  printfstubs.o ABSOLUTE
    _printf_longlong_dec                     0x00000000   Number         0  printfstubs.o ABSOLUTE
    _printf_longlong_hex                     0x00000000   Number         0  printfstubs.o ABSOLUTE
    _printf_longlong_oct                     0x00000000   Number         0  printfstubs.o ABSOLUTE
    _printf_ls                               0x00000000   Number         0  printfstubs.o ABSOLUTE
    _printf_mbtowc                           0x00000000   Number         0  printfstubs.o ABSOLUTE
    _printf_n                                0x00000000   Number         0  printfstubs.o ABSOLUTE
    _printf_o                                0x00000000   Number         0  printfstubs.o ABSOLUTE
    _printf_p                                0x00000000   Number         0  printfstubs.o ABSOLUTE
    _printf_percent                          0x00000000   Number         0  printfstubs.o ABSOLUTE
    _printf_pre_padding                      0x00000000   Number         0  printfstubs.o ABSOLUTE
    _printf_return_value                     0x00000000   Number         0  printfstubs.o ABSOLUTE
    _printf_s                                0x00000000   Number         0  printfstubs.o ABSOLUTE
    _printf_sizespec                         0x00000000   Number         0  printfstubs.o ABSOLUTE
    _printf_str                              0x00000000   Number         0  printfstubs.o ABSOLUTE
    _printf_truncate_signed                  0x00000000   Number         0  printfstubs.o ABSOLUTE
    _printf_truncate_unsigned                0x00000000   Number         0  printfstubs.o ABSOLUTE
    _printf_u                                0x00000000   Number         0  printfstubs.o ABSOLUTE
    _printf_wc                               0x00000000   Number         0  printfstubs.o ABSOLUTE
    _printf_wctomb                           0x00000000   Number         0  printfstubs.o ABSOLUTE
    _printf_widthprec                        0x00000000   Number         0  printfstubs.o ABSOLUTE
    _printf_x                                0x00000000   Number         0  printfstubs.o ABSOLUTE
    __cpp_initialize__aeabi_                  - Undefined Weak Reference
    __cxa_finalize                            - Undefined Weak Reference
    __decompress                              - Undefined Weak Reference
    _clock_init                               - Undefined Weak Reference
    _microlib_exit                            - Undefined Weak Reference
    __Vectors_Size                           0x00000198   Number         0  startup_stm32f411xe.o ABSOLUTE
    __Vectors                                0x08000000   Data           4  startup_stm32f411xe.o(RESET)
    __Vectors_End                            0x08000198   Data           0  startup_stm32f411xe.o(RESET)
    __main                                   0x08000199   Thumb Code     0  entry.o(.ARM.Collect$$$$00000000)
    _main_stk                                0x08000199   Thumb Code     0  entry2.o(.ARM.Collect$$$$00000001)
    _main_scatterload                        0x0800019d   Thumb Code     0  entry5.o(.ARM.Collect$$$$00000004)
    __main_after_scatterload                 0x080001a1   Thumb Code     0  entry5.o(.ARM.Collect$$$$00000004)
    _main_clock                              0x080001a1   Thumb Code     0  entry7b.o(.ARM.Collect$$$$00000008)
    _main_cpp_init                           0x080001a1   Thumb Code     0  entry8b.o(.ARM.Collect$$$$0000000A)
    _main_init                               0x080001a1   Thumb Code     0  entry9a.o(.ARM.Collect$$$$0000000B)
    __rt_final_cpp                           0x080001a9   Thumb Code     0  entry10a.o(.ARM.Collect$$$$0000000D)
    __rt_final_exit                          0x080001a9   Thumb Code     0  entry11a.o(.ARM.Collect$$$$0000000F)
    Reset_Handler                            0x080001ad   Thumb Code     8  startup_stm32f411xe.o(.text)
    ADC_IRQHandler                           0x080001c7   Thumb Code     0  startup_stm32f411xe.o(.text)
    DMA1_Stream0_IRQHandler                  0x080001c7   Thumb Code     0  startup_stm32f411xe.o(.text)
    DMA1_Stream1_IRQHandler                  0x080001c7   Thumb Code     0  startup_stm32f411xe.o(.text)
    DMA1_Stream2_IRQHandler                  0x080001c7   Thumb Code     0  startup_stm32f411xe.o(.text)
    DMA1_Stream3_IRQHandler                  0x080001c7   Thumb Code     0  startup_stm32f411xe.o(.text)
    DMA1_Stream4_IRQHandler                  0x080001c7   Thumb Code     0  startup_stm32f411xe.o(.text)
    DMA1_Stream5_IRQHandler                  0x080001c7   Thumb Code     0  startup_stm32f411xe.o(.text)
    DMA1_Stream6_IRQHandler                  0x080001c7   Thumb Code     0  startup_stm32f411xe.o(.text)
    DMA1_Stream7_IRQHandler                  0x080001c7   Thumb Code     0  startup_stm32f411xe.o(.text)
    DMA2_Stream0_IRQHandler                  0x080001c7   Thumb Code     0  startup_stm32f411xe.o(.text)
    DMA2_Stream1_IRQHandler                  0x080001c7   Thumb Code     0  startup_stm32f411xe.o(.text)
    DMA2_Stream3_IRQHandler                  0x080001c7   Thumb Code     0  startup_stm32f411xe.o(.text)
    DMA2_Stream4_IRQHandler                  0x080001c7   Thumb Code     0  startup_stm32f411xe.o(.text)
    DMA2_Stream5_IRQHandler                  0x080001c7   Thumb Code     0  startup_stm32f411xe.o(.text)
    DMA2_Stream6_IRQHandler                  0x080001c7   Thumb Code     0  startup_stm32f411xe.o(.text)
    DMA2_Stream7_IRQHandler                  0x080001c7   Thumb Code     0  startup_stm32f411xe.o(.text)
    EXTI0_IRQHandler                         0x080001c7   Thumb Code     0  startup_stm32f411xe.o(.text)
    EXTI15_10_IRQHandler                     0x080001c7   Thumb Code     0  startup_stm32f411xe.o(.text)
    EXTI1_IRQHandler                         0x080001c7   Thumb Code     0  startup_stm32f411xe.o(.text)
    EXTI2_IRQHandler                         0x080001c7   Thumb Code     0  startup_stm32f411xe.o(.text)
    EXTI3_IRQHandler                         0x080001c7   Thumb Code     0  startup_stm32f411xe.o(.text)
    EXTI4_IRQHandler                         0x080001c7   Thumb Code     0  startup_stm32f411xe.o(.text)
    EXTI9_5_IRQHandler                       0x080001c7   Thumb Code     0  startup_stm32f411xe.o(.text)
    FLASH_IRQHandler                         0x080001c7   Thumb Code     0  startup_stm32f411xe.o(.text)
    FPU_IRQHandler                           0x080001c7   Thumb Code     0  startup_stm32f411xe.o(.text)
    I2C1_ER_IRQHandler                       0x080001c7   Thumb Code     0  startup_stm32f411xe.o(.text)
    I2C1_EV_IRQHandler                       0x080001c7   Thumb Code     0  startup_stm32f411xe.o(.text)
    I2C2_ER_IRQHandler                       0x080001c7   Thumb Code     0  startup_stm32f411xe.o(.text)
    I2C2_EV_IRQHandler                       0x080001c7   Thumb Code     0  startup_stm32f411xe.o(.text)
    I2C3_ER_IRQHandler                       0x080001c7   Thumb Code     0  startup_stm32f411xe.o(.text)
    I2C3_EV_IRQHandler                       0x080001c7   Thumb Code     0  startup_stm32f411xe.o(.text)
    OTG_FS_IRQHandler                        0x080001c7   Thumb Code     0  startup_stm32f411xe.o(.text)
    OTG_FS_WKUP_IRQHandler                   0x080001c7   Thumb Code     0  startup_stm32f411xe.o(.text)
    PVD_IRQHandler                           0x080001c7   Thumb Code     0  startup_stm32f411xe.o(.text)
    RCC_IRQHandler                           0x080001c7   Thumb Code     0  startup_stm32f411xe.o(.text)
    RTC_Alarm_IRQHandler                     0x080001c7   Thumb Code     0  startup_stm32f411xe.o(.text)
    RTC_WKUP_IRQHandler                      0x080001c7   Thumb Code     0  startup_stm32f411xe.o(.text)
    SDIO_IRQHandler                          0x080001c7   Thumb Code     0  startup_stm32f411xe.o(.text)
    SPI1_IRQHandler                          0x080001c7   Thumb Code     0  startup_stm32f411xe.o(.text)
    SPI2_IRQHandler                          0x080001c7   Thumb Code     0  startup_stm32f411xe.o(.text)
    SPI3_IRQHandler                          0x080001c7   Thumb Code     0  startup_stm32f411xe.o(.text)
    SPI4_IRQHandler                          0x080001c7   Thumb Code     0  startup_stm32f411xe.o(.text)
    SPI5_IRQHandler                          0x080001c7   Thumb Code     0  startup_stm32f411xe.o(.text)
    TAMP_STAMP_IRQHandler                    0x080001c7   Thumb Code     0  startup_stm32f411xe.o(.text)
    TIM1_BRK_TIM9_IRQHandler                 0x080001c7   Thumb Code     0  startup_stm32f411xe.o(.text)
    TIM1_CC_IRQHandler                       0x080001c7   Thumb Code     0  startup_stm32f411xe.o(.text)
    TIM1_TRG_COM_TIM11_IRQHandler            0x080001c7   Thumb Code     0  startup_stm32f411xe.o(.text)
    TIM1_UP_TIM10_IRQHandler                 0x080001c7   Thumb Code     0  startup_stm32f411xe.o(.text)
    TIM2_IRQHandler                          0x080001c7   Thumb Code     0  startup_stm32f411xe.o(.text)
    TIM3_IRQHandler                          0x080001c7   Thumb Code     0  startup_stm32f411xe.o(.text)
    TIM4_IRQHandler                          0x080001c7   Thumb Code     0  startup_stm32f411xe.o(.text)
    TIM5_IRQHandler                          0x080001c7   Thumb Code     0  startup_stm32f411xe.o(.text)
    USART1_IRQHandler                        0x080001c7   Thumb Code     0  startup_stm32f411xe.o(.text)
    USART2_IRQHandler                        0x080001c7   Thumb Code     0  startup_stm32f411xe.o(.text)
    USART6_IRQHandler                        0x080001c7   Thumb Code     0  startup_stm32f411xe.o(.text)
    WWDG_IRQHandler                          0x080001c7   Thumb Code     0  startup_stm32f411xe.o(.text)
    __aeabi_uldivmod                         0x080001d1   Thumb Code    98  uldiv.o(.text)
    __aeabi_memset                           0x08000233   Thumb Code    14  memseta.o(.text)
    __aeabi_memset4                          0x08000233   Thumb Code     0  memseta.o(.text)
    __aeabi_memset8                          0x08000233   Thumb Code     0  memseta.o(.text)
    __aeabi_memclr                           0x08000241   Thumb Code     4  memseta.o(.text)
    __aeabi_memclr4                          0x08000241   Thumb Code     0  memseta.o(.text)
    __aeabi_memclr8                          0x08000241   Thumb Code     0  memseta.o(.text)
    _memset$wrapper                          0x08000245   Thumb Code    18  memseta.o(.text)
    __aeabi_dmul                             0x08000257   Thumb Code   228  dmul.o(.text)
    __aeabi_dcmple                           0x0800033b   Thumb Code    54  dcmple.o(.text)
    __aeabi_dcmplt                           0x08000371   Thumb Code    54  dcmplt.o(.text)
    __aeabi_dcmpgt                           0x080003a7   Thumb Code    54  dcmpgt.o(.text)
    __aeabi_ui2d                             0x080003dd   Thumb Code    26  dfltui.o(.text)
    __aeabi_d2iz                             0x080003f7   Thumb Code    62  dfixi.o(.text)
    __aeabi_f2d                              0x08000435   Thumb Code    38  f2d.o(.text)
    __aeabi_uidiv                            0x0800045b   Thumb Code     0  uidiv.o(.text)
    __aeabi_uidivmod                         0x0800045b   Thumb Code    44  uidiv.o(.text)
    __aeabi_llsl                             0x08000487   Thumb Code    30  llshl.o(.text)
    _ll_shift_l                              0x08000487   Thumb Code     0  llshl.o(.text)
    __aeabi_llsr                             0x080004a5   Thumb Code    32  llushr.o(.text)
    _ll_ushift_r                             0x080004a5   Thumb Code     0  llushr.o(.text)
    __I$use$fp                               0x080004c5   Thumb Code     0  iusefp.o(.text)
    _double_round                            0x080004c5   Thumb Code    30  depilogue.o(.text)
    _double_epilogue                         0x080004e3   Thumb Code   156  depilogue.o(.text)
    _dsqrt                                   0x0800057f   Thumb Code   162  dsqrt.o(.text)
    __scatterload                            0x08000621   Thumb Code    38  init.o(.text)
    __scatterload_rt2                        0x08000621   Thumb Code     0  init.o(.text)
    BusFault_Handler                         0x08000651   Thumb Code     2  stm32f4xx_it.o(.text.BusFault_Handler)
    DMA2_Stream2_IRQHandler                  0x08000655   Thumb Code    12  stm32f4xx_it.o(.text.DMA2_Stream2_IRQHandler)
    DWT_Delay_Init                           0x08000661   Thumb Code    68  dwt_stm32_delay.o(.text.DWT_Delay_Init)
    DebugMon_Handler                         0x080006a5   Thumb Code     2  stm32f4xx_it.o(.text.DebugMon_Handler)
    Error_Handler                            0x080006a9   Thumb Code    10  main.o(.text.Error_Handler)
    HAL_DMA_IRQHandler                       0x080006b5   Thumb Code   394  stm32f4xx_hal_dma.o(.text.HAL_DMA_IRQHandler)
    HAL_DMA_Init                             0x08000841   Thumb Code   318  stm32f4xx_hal_dma.o(.text.HAL_DMA_Init)
    HAL_Delay                                0x08000981   Thumb Code    40  stm32f4xx_hal.o(.text.HAL_Delay)
    HAL_GPIO_Init                            0x080009a9   Thumb Code   408  stm32f4xx_hal_gpio.o(.text.HAL_GPIO_Init)
    HAL_GPIO_ReadPin                         0x08000b41   Thumb Code    10  stm32f4xx_hal_gpio.o(.text.HAL_GPIO_ReadPin)
    HAL_GPIO_WritePin                        0x08000b4d   Thumb Code    10  stm32f4xx_hal_gpio.o(.text.HAL_GPIO_WritePin)
    HAL_GetTick                              0x08000b59   Thumb Code    12  stm32f4xx_hal.o(.text.HAL_GetTick)
    HAL_IncTick                              0x08000b65   Thumb Code    26  stm32f4xx_hal.o(.text.HAL_IncTick)
    HAL_Init                                 0x08000b81   Thumb Code    54  stm32f4xx_hal.o(.text.HAL_Init)
    HAL_InitTick                             0x08000bb9   Thumb Code    80  stm32f4xx_hal.o(.text.HAL_InitTick)
    HAL_MspInit                              0x08000c09   Thumb Code    56  stm32f4xx_hal_msp.o(.text.HAL_MspInit)
    HAL_NVIC_EnableIRQ                       0x08000c41   Thumb Code    32  stm32f4xx_hal_cortex.o(.text.HAL_NVIC_EnableIRQ)
    HAL_NVIC_SetPriority                     0x08000c61   Thumb Code    86  stm32f4xx_hal_cortex.o(.text.HAL_NVIC_SetPriority)
    HAL_NVIC_SetPriorityGrouping             0x08000cb9   Thumb Code    32  stm32f4xx_hal_cortex.o(.text.HAL_NVIC_SetPriorityGrouping)
    HAL_RCCEx_PeriphCLKConfig                0x08000cd9   Thumb Code   342  stm32f4xx_hal_rcc_ex.o(.text.HAL_RCCEx_PeriphCLKConfig)
    HAL_RCC_ClockConfig                      0x08000e31   Thumb Code   352  stm32f4xx_hal_rcc.o(.text.HAL_RCC_ClockConfig)
    HAL_RCC_GetHCLKFreq                      0x08000f91   Thumb Code    12  stm32f4xx_hal_rcc.o(.text.HAL_RCC_GetHCLKFreq)
    HAL_RCC_GetSysClockFreq                  0x08000f9d   Thumb Code   104  stm32f4xx_hal_rcc.o(.text.HAL_RCC_GetSysClockFreq)
    HAL_RCC_OscConfig                        0x08001005   Thumb Code   852  stm32f4xx_hal_rcc.o(.text.HAL_RCC_OscConfig)
    HAL_RTC_Init                             0x08001359   Thumb Code   258  stm32f4xx_hal_rtc.o(.text.HAL_RTC_Init)
    HAL_RTC_MspInit                          0x0800145d   Thumb Code    78  rtc.o(.text.HAL_RTC_MspInit)
    HAL_SPI_Init                             0x080014ad   Thumb Code   180  stm32f4xx_hal_spi.o(.text.HAL_SPI_Init)
    HAL_SPI_MspInit                          0x08001561   Thumb Code   280  spi.o(.text.HAL_SPI_MspInit)
    HAL_SPI_Receive                          0x08001679   Thumb Code   334  stm32f4xx_hal_spi.o(.text.HAL_SPI_Receive)
    HAL_SPI_Transmit                         0x080017c9   Thumb Code   446  stm32f4xx_hal_spi.o(.text.HAL_SPI_Transmit)
    HAL_SPI_TransmitReceive                  0x08001989   Thumb Code   548  stm32f4xx_hal_spi.o(.text.HAL_SPI_TransmitReceive)
    HAL_SYSTICK_Config                       0x08001bad   Thumb Code    44  stm32f4xx_hal_cortex.o(.text.HAL_SYSTICK_Config)
    HAL_TIM_PWM_ConfigChannel                0x08001bd9   Thumb Code   502  stm32f4xx_hal_tim.o(.text.HAL_TIM_PWM_ConfigChannel)
    HAL_TIM_PWM_Init                         0x08001dd1   Thumb Code    90  stm32f4xx_hal_tim.o(.text.HAL_TIM_PWM_Init)
    HAL_TIM_PWM_MspInit                      0x08001e2d   Thumb Code    52  tim.o(.text.HAL_TIM_PWM_MspInit)
    HAL_TIM_PWM_Start                        0x08001e61   Thumb Code   218  stm32f4xx_hal_tim.o(.text.HAL_TIM_PWM_Start)
    HardFault_Handler                        0x08001f3d   Thumb Code     2  stm32f4xx_it.o(.text.HardFault_Handler)
    LCD_Clear                                0x08001f41   Thumb Code   166  lcd.o(.text.LCD_Clear)
    LCD_DrawCircle                           0x08001fe9   Thumb Code   734  lcd.o(.text.LCD_DrawCircle)
    LCD_DrawLine                             0x080022c9   Thumb Code   236  lcd.o(.text.LCD_DrawLine)
    LCD_DrawPoint                            0x080023b5   Thumb Code    82  lcd.o(.text.LCD_DrawPoint)
    LCD_Fill                                 0x08002409   Thumb Code   162  lcd.o(.text.LCD_Fill)
    LCD_Init                                 0x080024ad   Thumb Code  3328  lcd.o(.text.LCD_Init)
    LCD_SetWindows                           0x080031ad   Thumb Code   594  lcd.o(.text.LCD_SetWindows)
    LCD_ShowChar                             0x08003401   Thumb Code   528  lcd.o(.text.LCD_ShowChar)
    LCD_ShowIntNum                           0x08003611   Thumb Code   186  lcd.o(.text.LCD_ShowIntNum)
    LCD_ShowPicture                          0x080036cd   Thumb Code   226  lcd.o(.text.LCD_ShowPicture)
    LCD_ShowString                           0x080037b1   Thumb Code    70  lcd.o(.text.LCD_ShowString)
    LCD_WriteReg                             0x080037f9   Thumb Code   124  lcd.o(.text.LCD_WriteReg)
    MX_DMA_Init                              0x08003875   Thumb Code    56  dma.o(.text.MX_DMA_Init)
    MX_GPIO_Init                             0x080038ad   Thumb Code   222  gpio.o(.text.MX_GPIO_Init)
    MX_RTC_Init                              0x0800398d   Thumb Code    54  rtc.o(.text.MX_RTC_Init)
    MX_SPI1_Init                             0x080039c5   Thumb Code    76  spi.o(.text.MX_SPI1_Init)
    MX_SPI2_Init                             0x08003a11   Thumb Code    76  spi.o(.text.MX_SPI2_Init)
    MX_TIM9_Init                             0x08003a5d   Thumb Code   180  tim.o(.text.MX_TIM9_Init)
    MemManage_Handler                        0x08003b11   Thumb Code     2  stm32f4xx_it.o(.text.MemManage_Handler)
    NMI_Handler                              0x08003b15   Thumb Code     2  stm32f4xx_it.o(.text.NMI_Handler)
    PendSV_Handler                           0x08003b19   Thumb Code     2  stm32f4xx_it.o(.text.PendSV_Handler)
    SVC_Handler                              0x08003c45   Thumb Code     2  stm32f4xx_it.o(.text.SVC_Handler)
    SysTick_Handler                          0x08003c49   Thumb Code     4  stm32f4xx_it.o(.text.SysTick_Handler)
    SystemClock_Config                       0x08003c4d   Thumb Code   178  main.o(.text.SystemClock_Config)
    SystemInit                               0x08003d01   Thumb Code    18  system_stm32f4xx.o(.text.SystemInit)
    TIM_Base_SetConfig                       0x08003d15   Thumb Code   218  stm32f4xx_hal_tim.o(.text.TIM_Base_SetConfig)
    TP_Adj_Info_Show                         0x08003df1   Thumb Code   400  touch_xpt2046.o(.text.TP_Adj_Info_Show)
    TP_Adjust                                0x08003fa9   Thumb Code  3100  touch_xpt2046.o(.text.TP_Adjust)
    TP_Init                                  0x08004c59   Thumb Code    28  touch_xpt2046.o(.text.TP_Init)
    TP_Read_AD                               0x08004c75   Thumb Code   154  touch_xpt2046.o(.text.TP_Read_AD)
    TP_Read_AUXIN                            0x08004d11   Thumb Code   102  touch_xpt2046.o(.text.TP_Read_AUXIN)
    TP_Read_Vbat                             0x08004d79   Thumb Code   110  touch_xpt2046.o(.text.TP_Read_Vbat)
    TP_Read_XY                               0x08004de9   Thumb Code   224  touch_xpt2046.o(.text.TP_Read_XY)
    TP_Scan                                  0x08004ec9   Thumb Code   360  touch_xpt2046.o(.text.TP_Scan)
    UsageFault_Handler                       0x08005031   Thumb Code     2  stm32f4xx_it.o(.text.UsageFault_Handler)
    main                                     0x08005fe5   Thumb Code   628  main.o(.text.main)
    __0sprintf$6                             0x080062d1   Thumb Code    34  printf6.o(i.__0sprintf$6)
    __1sprintf$6                             0x080062d1   Thumb Code     0  printf6.o(i.__0sprintf$6)
    __2sprintf                               0x080062d1   Thumb Code     0  printf6.o(i.__0sprintf$6)
    __hardfp_sqrt                            0x080062f9   Thumb Code   122  sqrt.o(i.__hardfp_sqrt)
    __scatterload_copy                       0x08006373   Thumb Code    14  handlers.o(i.__scatterload_copy)
    __scatterload_null                       0x08006381   Thumb Code     2  handlers.o(i.__scatterload_null)
    __scatterload_zeroinit                   0x08006383   Thumb Code    14  handlers.o(i.__scatterload_zeroinit)
    __set_errno                              0x08006391   Thumb Code     6  errno.o(i.__set_errno)
    AHBPrescTable                            0x080066e8   Data          16  system_stm32f4xx.o(.rodata.AHBPrescTable)
    ascii_1206                               0x080066f8   Data        1140  lcd.o(.rodata.ascii_1206)
    ascii_1608                               0x08006b6c   Data        1520  lcd.o(.rodata.ascii_1608)
    ascii_2412                               0x0800715c   Data        4560  lcd.o(.rodata.ascii_2412)
    ascii_3216                               0x0800832c   Data        6080  lcd.o(.rodata.ascii_3216)
    gImage_logo                              0x08009af4   Data       19200  main.o(.rodata.gImage_logo)
    Region$$Table$$Base                      0x0800e688   Number         0  anon$$obj.o(Region$$Table)
    Region$$Table$$Limit                     0x0800e6a8   Number         0  anon$$obj.o(Region$$Table)
    SystemCoreClock                          0x20000008   Data           4  system_stm32f4xx.o(.data.SystemCoreClock)
    tp_dev                                   0x2000000c   Data          40  touch_xpt2046.o(.data.tp_dev)
    uwTickFreq                               0x20000034   Data           1  stm32f4xx_hal.o(.data.uwTickFreq)
    uwTickPrio                               0x20000038   Data           4  stm32f4xx_hal.o(.data.uwTickPrio)
    hdma_spi1_tx                             0x20000040   Data          96  spi.o(.bss.hdma_spi1_tx)
    hrtc                                     0x200000a0   Data          32  rtc.o(.bss.hrtc)
    hspi1                                    0x200000c0   Data          88  spi.o(.bss.hspi1)
    hspi2                                    0x20000118   Data          88  spi.o(.bss.hspi2)
    htim9                                    0x20000170   Data          72  tim.o(.bss.htim9)
    lcddev                                   0x200001b8   Data          16  lcd.o(.bss.lcddev)
    uwTick                                   0x200001c8   Data           4  stm32f4xx_hal.o(.bss.uwTick)
    __initial_sp                             0x200005d0   Data           0  startup_stm32f411xe.o(STACK)



==============================================================================

Memory Map of the image

  Image Entry point : 0x08000199

  Load Region LR_IROM1 (Base: 0x08000000, Size: 0x0000e6e8, Max: 0x00080000, ABSOLUTE)

    Execution Region ER_IROM1 (Exec base: 0x08000000, Load base: 0x08000000, Size: 0x0000e6a8, Max: 0x00080000, ABSOLUTE)

    Exec Addr    Load Addr    Size         Type   Attr      Idx    E Section Name        Object

    0x08000000   0x08000000   0x00000198   Data   RO            3    RESET               startup_stm32f411xe.o
    0x08000198   0x08000198   0x00000000   Code   RO         1246  * .ARM.Collect$$$$00000000  mc_w.l(entry.o)
    0x08000198   0x08000198   0x00000004   Code   RO         1528    .ARM.Collect$$$$00000001  mc_w.l(entry2.o)
    0x0800019c   0x0800019c   0x00000004   Code   RO         1531    .ARM.Collect$$$$00000004  mc_w.l(entry5.o)
    0x080001a0   0x080001a0   0x00000000   Code   RO         1533    .ARM.Collect$$$$00000008  mc_w.l(entry7b.o)
    0x080001a0   0x080001a0   0x00000000   Code   RO         1535    .ARM.Collect$$$$0000000A  mc_w.l(entry8b.o)
    0x080001a0   0x080001a0   0x00000008   Code   RO         1536    .ARM.Collect$$$$0000000B  mc_w.l(entry9a.o)
    0x080001a8   0x080001a8   0x00000000   Code   RO         1538    .ARM.Collect$$$$0000000D  mc_w.l(entry10a.o)
    0x080001a8   0x080001a8   0x00000000   Code   RO         1540    .ARM.Collect$$$$0000000F  mc_w.l(entry11a.o)
    0x080001a8   0x080001a8   0x00000004   Code   RO         1529    .ARM.Collect$$$$00002712  mc_w.l(entry2.o)
    0x080001ac   0x080001ac   0x00000024   Code   RO            4    .text               startup_stm32f411xe.o
    0x080001d0   0x080001d0   0x00000062   Code   RO         1249    .text               mc_w.l(uldiv.o)
    0x08000232   0x08000232   0x00000024   Code   RO         1251    .text               mc_w.l(memseta.o)
    0x08000256   0x08000256   0x000000e4   Code   RO         1514    .text               mf_w.l(dmul.o)
    0x0800033a   0x0800033a   0x00000036   Code   RO         1516    .text               mf_w.l(dcmple.o)
    0x08000370   0x08000370   0x00000036   Code   RO         1518    .text               mf_w.l(dcmplt.o)
    0x080003a6   0x080003a6   0x00000036   Code   RO         1520    .text               mf_w.l(dcmpgt.o)
    0x080003dc   0x080003dc   0x0000001a   Code   RO         1522    .text               mf_w.l(dfltui.o)
    0x080003f6   0x080003f6   0x0000003e   Code   RO         1524    .text               mf_w.l(dfixi.o)
    0x08000434   0x08000434   0x00000026   Code   RO         1526    .text               mf_w.l(f2d.o)
    0x0800045a   0x0800045a   0x0000002c   Code   RO         1556    .text               mc_w.l(uidiv.o)
    0x08000486   0x08000486   0x0000001e   Code   RO         1558    .text               mc_w.l(llshl.o)
    0x080004a4   0x080004a4   0x00000020   Code   RO         1560    .text               mc_w.l(llushr.o)
    0x080004c4   0x080004c4   0x00000000   Code   RO         1569    .text               mc_w.l(iusefp.o)
    0x080004c4   0x080004c4   0x000000ba   Code   RO         1570    .text               mf_w.l(depilogue.o)
    0x0800057e   0x0800057e   0x000000a2   Code   RO         1576    .text               mf_w.l(dsqrt.o)
    0x08000620   0x08000620   0x00000030   Code   RO         1582    .text               mc_w.l(init.o)
    0x08000650   0x08000650   0x00000002   Code   RO          112    .text.BusFault_Handler  stm32f4xx_it.o
    0x08000652   0x08000652   0x00000002   PAD
    0x08000654   0x08000654   0x0000000c   Code   RO          124    .text.DMA2_Stream2_IRQHandler  stm32f4xx_it.o
    0x08000660   0x08000660   0x00000044   Code   RO           11    .text.DWT_Delay_Init  dwt_stm32_delay.o
    0x080006a4   0x080006a4   0x00000002   Code   RO          118    .text.DebugMon_Handler  stm32f4xx_it.o
    0x080006a6   0x080006a6   0x00000002   PAD
    0x080006a8   0x080006a8   0x0000000a   Code   RO           23    .text.Error_Handler  main.o
    0x080006b2   0x080006b2   0x00000002   PAD
    0x080006b4   0x080006b4   0x0000018a   Code   RO          461    .text.HAL_DMA_IRQHandler  stm32f4xx_hal_dma.o
    0x0800083e   0x0800083e   0x00000002   PAD
    0x08000840   0x08000840   0x0000013e   Code   RO          447    .text.HAL_DMA_Init  stm32f4xx_hal_dma.o
    0x0800097e   0x0800097e   0x00000002   PAD
    0x08000980   0x08000980   0x00000028   Code   RO          616    .text.HAL_Delay     stm32f4xx_hal.o
    0x080009a8   0x080009a8   0x00000198   Code   RO          409    .text.HAL_GPIO_Init  stm32f4xx_hal_gpio.o
    0x08000b40   0x08000b40   0x0000000a   Code   RO          413    .text.HAL_GPIO_ReadPin  stm32f4xx_hal_gpio.o
    0x08000b4a   0x08000b4a   0x00000002   PAD
    0x08000b4c   0x08000b4c   0x0000000a   Code   RO          415    .text.HAL_GPIO_WritePin  stm32f4xx_hal_gpio.o
    0x08000b56   0x08000b56   0x00000002   PAD
    0x08000b58   0x08000b58   0x0000000c   Code   RO          608    .text.HAL_GetTick   stm32f4xx_hal.o
    0x08000b64   0x08000b64   0x0000001a   Code   RO          606    .text.HAL_IncTick   stm32f4xx_hal.o
    0x08000b7e   0x08000b7e   0x00000002   PAD
    0x08000b80   0x08000b80   0x00000036   Code   RO          596    .text.HAL_Init      stm32f4xx_hal.o
    0x08000bb6   0x08000bb6   0x00000002   PAD
    0x08000bb8   0x08000bb8   0x00000050   Code   RO          598    .text.HAL_InitTick  stm32f4xx_hal.o
    0x08000c08   0x08000c08   0x00000038   Code   RO          133    .text.HAL_MspInit   stm32f4xx_hal_msp.o
    0x08000c40   0x08000c40   0x00000020   Code   RO          554    .text.HAL_NVIC_EnableIRQ  stm32f4xx_hal_cortex.o
    0x08000c60   0x08000c60   0x00000056   Code   RO          552    .text.HAL_NVIC_SetPriority  stm32f4xx_hal_cortex.o
    0x08000cb6   0x08000cb6   0x00000002   PAD
    0x08000cb8   0x08000cb8   0x00000020   Code   RO          550    .text.HAL_NVIC_SetPriorityGrouping  stm32f4xx_hal_cortex.o
    0x08000cd8   0x08000cd8   0x00000156   Code   RO          311    .text.HAL_RCCEx_PeriphCLKConfig  stm32f4xx_hal_rcc_ex.o
    0x08000e2e   0x08000e2e   0x00000002   PAD
    0x08000e30   0x08000e30   0x00000160   Code   RO          279    .text.HAL_RCC_ClockConfig  stm32f4xx_hal_rcc.o
    0x08000f90   0x08000f90   0x0000000c   Code   RO          289    .text.HAL_RCC_GetHCLKFreq  stm32f4xx_hal_rcc.o
    0x08000f9c   0x08000f9c   0x00000068   Code   RO          281    .text.HAL_RCC_GetSysClockFreq  stm32f4xx_hal_rcc.o
    0x08001004   0x08001004   0x00000354   Code   RO          277    .text.HAL_RCC_OscConfig  stm32f4xx_hal_rcc.o
    0x08001358   0x08001358   0x00000102   Code   RO          141    .text.HAL_RTC_Init  stm32f4xx_hal_rtc.o
    0x0800145a   0x0800145a   0x00000002   PAD
    0x0800145c   0x0800145c   0x0000004e   Code   RO           57    .text.HAL_RTC_MspInit  rtc.o
    0x080014aa   0x080014aa   0x00000002   PAD
    0x080014ac   0x080014ac   0x000000b4   Code   RO          687    .text.HAL_SPI_Init  stm32f4xx_hal_spi.o
    0x08001560   0x08001560   0x00000118   Code   RO           74    .text.HAL_SPI_MspInit  spi.o
    0x08001678   0x08001678   0x0000014e   Code   RO          697    .text.HAL_SPI_Receive  stm32f4xx_hal_spi.o
    0x080017c6   0x080017c6   0x00000002   PAD
    0x080017c8   0x080017c8   0x000001be   Code   RO          695    .text.HAL_SPI_Transmit  stm32f4xx_hal_spi.o
    0x08001986   0x08001986   0x00000002   PAD
    0x08001988   0x08001988   0x00000224   Code   RO          699    .text.HAL_SPI_TransmitReceive  stm32f4xx_hal_spi.o
    0x08001bac   0x08001bac   0x0000002c   Code   RO          562    .text.HAL_SYSTICK_Config  stm32f4xx_hal_cortex.o
    0x08001bd8   0x08001bd8   0x000001f6   Code   RO          957    .text.HAL_TIM_PWM_ConfigChannel  stm32f4xx_hal_tim.o
    0x08001dce   0x08001dce   0x00000002   PAD
    0x08001dd0   0x08001dd0   0x0000005a   Code   RO          857    .text.HAL_TIM_PWM_Init  stm32f4xx_hal_tim.o
    0x08001e2a   0x08001e2a   0x00000002   PAD
    0x08001e2c   0x08001e2c   0x00000034   Code   RO           93    .text.HAL_TIM_PWM_MspInit  tim.o
    0x08001e60   0x08001e60   0x000000da   Code   RO          865    .text.HAL_TIM_PWM_Start  stm32f4xx_hal_tim.o
    0x08001f3a   0x08001f3a   0x00000002   PAD
    0x08001f3c   0x08001f3c   0x00000002   Code   RO          108    .text.HardFault_Handler  stm32f4xx_it.o
    0x08001f3e   0x08001f3e   0x00000002   PAD
    0x08001f40   0x08001f40   0x000000a6   Code   RO         1157    .text.LCD_Clear     lcd.o
    0x08001fe6   0x08001fe6   0x00000002   PAD
    0x08001fe8   0x08001fe8   0x000002de   Code   RO         1167    .text.LCD_DrawCircle  lcd.o
    0x080022c6   0x080022c6   0x00000002   PAD
    0x080022c8   0x080022c8   0x000000ec   Code   RO         1163    .text.LCD_DrawLine  lcd.o
    0x080023b4   0x080023b4   0x00000052   Code   RO         1161    .text.LCD_DrawPoint  lcd.o
    0x08002406   0x08002406   0x00000002   PAD
    0x08002408   0x08002408   0x000000a2   Code   RO         1159    .text.LCD_Fill      lcd.o
    0x080024aa   0x080024aa   0x00000002   PAD
    0x080024ac   0x080024ac   0x00000d00   Code   RO         1183    .text.LCD_Init      lcd.o
    0x080031ac   0x080031ac   0x00000252   Code   RO         1153    .text.LCD_SetWindows  lcd.o
    0x080033fe   0x080033fe   0x00000002   PAD
    0x08003400   0x08003400   0x00000210   Code   RO         1169    .text.LCD_ShowChar  lcd.o
    0x08003610   0x08003610   0x000000ba   Code   RO         1175    .text.LCD_ShowIntNum  lcd.o
    0x080036ca   0x080036ca   0x00000002   PAD
    0x080036cc   0x080036cc   0x000000e2   Code   RO         1179    .text.LCD_ShowPicture  lcd.o
    0x080037ae   0x080037ae   0x00000002   PAD
    0x080037b0   0x080037b0   0x00000046   Code   RO         1171    .text.LCD_ShowString  lcd.o
    0x080037f6   0x080037f6   0x00000002   PAD
    0x080037f8   0x080037f8   0x0000007c   Code   RO         1145    .text.LCD_WriteReg  lcd.o
    0x08003874   0x08003874   0x00000038   Code   RO           46    .text.MX_DMA_Init   dma.o
    0x080038ac   0x080038ac   0x000000de   Code   RO           37    .text.MX_GPIO_Init  gpio.o
    0x0800398a   0x0800398a   0x00000002   PAD
    0x0800398c   0x0800398c   0x00000036   Code   RO           55    .text.MX_RTC_Init   rtc.o
    0x080039c2   0x080039c2   0x00000002   PAD
    0x080039c4   0x080039c4   0x0000004c   Code   RO           70    .text.MX_SPI1_Init  spi.o
    0x08003a10   0x08003a10   0x0000004c   Code   RO           72    .text.MX_SPI2_Init  spi.o
    0x08003a5c   0x08003a5c   0x000000b4   Code   RO           89    .text.MX_TIM9_Init  tim.o
    0x08003b10   0x08003b10   0x00000002   Code   RO          110    .text.MemManage_Handler  stm32f4xx_it.o
    0x08003b12   0x08003b12   0x00000002   PAD
    0x08003b14   0x08003b14   0x00000002   Code   RO          106    .text.NMI_Handler   stm32f4xx_it.o
    0x08003b16   0x08003b16   0x00000002   PAD
    0x08003b18   0x08003b18   0x00000002   Code   RO          120    .text.PendSV_Handler  stm32f4xx_it.o
    0x08003b1a   0x08003b1a   0x00000002   PAD
    0x08003b1c   0x08003b1c   0x00000058   Code   RO          701    .text.SPI_EndRxTransaction  stm32f4xx_hal_spi.o
    0x08003b74   0x08003b74   0x000000ce   Code   RO          793    .text.SPI_WaitFlagStateUntilTimeout  stm32f4xx_hal_spi.o
    0x08003c42   0x08003c42   0x00000002   PAD
    0x08003c44   0x08003c44   0x00000002   Code   RO          116    .text.SVC_Handler   stm32f4xx_it.o
    0x08003c46   0x08003c46   0x00000002   PAD
    0x08003c48   0x08003c48   0x00000004   Code   RO          122    .text.SysTick_Handler  stm32f4xx_it.o
    0x08003c4c   0x08003c4c   0x000000b2   Code   RO           21    .text.SystemClock_Config  main.o
    0x08003cfe   0x08003cfe   0x00000002   PAD
    0x08003d00   0x08003d00   0x00000012   Code   RO         1122    .text.SystemInit    system_stm32f4xx.o
    0x08003d12   0x08003d12   0x00000002   PAD
    0x08003d14   0x08003d14   0x000000da   Code   RO          807    .text.TIM_Base_SetConfig  stm32f4xx_hal_tim.o
    0x08003dee   0x08003dee   0x00000002   PAD
    0x08003df0   0x08003df0   0x000001b8   Code   RO         1226    .text.TP_Adj_Info_Show  touch_xpt2046.o
    0x08003fa8   0x08003fa8   0x00000cb0   Code   RO         1204    .text.TP_Adjust     touch_xpt2046.o
    0x08004c58   0x08004c58   0x0000001c   Code   RO         1200    .text.TP_Init       touch_xpt2046.o
    0x08004c74   0x08004c74   0x0000009a   Code   RO         1206    .text.TP_Read_AD    touch_xpt2046.o
    0x08004d0e   0x08004d0e   0x00000002   PAD
    0x08004d10   0x08004d10   0x00000066   Code   RO         1210    .text.TP_Read_AUXIN  touch_xpt2046.o
    0x08004d76   0x08004d76   0x00000002   PAD
    0x08004d78   0x08004d78   0x0000006e   Code   RO         1208    .text.TP_Read_Vbat  touch_xpt2046.o
    0x08004de6   0x08004de6   0x00000002   PAD
    0x08004de8   0x08004de8   0x000000e0   Code   RO         1214    .text.TP_Read_XY    touch_xpt2046.o
    0x08004ec8   0x08004ec8   0x00000168   Code   RO         1202    .text.TP_Scan       touch_xpt2046.o
    0x08005030   0x08005030   0x00000002   Code   RO          114    .text.UsageFault_Handler  stm32f4xx_it.o
    0x08005032   0x08005032   0x00000002   PAD
    0x08005034   0x08005034   0x00000fae   Code   RO         1185    .text._ili9341_init  lcd.o
    0x08005fe2   0x08005fe2   0x00000002   PAD
    0x08005fe4   0x08005fe4   0x000002ec   Code   RO           19    .text.main          main.o
    0x080062d0   0x080062d0   0x00000028   Code   RO         1410    i.__0sprintf$6      mc_w.l(printf6.o)
    0x080062f8   0x080062f8   0x0000007a   Code   RO         1240    i.__hardfp_sqrt     m_wm.l(sqrt.o)
    0x08006372   0x08006372   0x0000000e   Code   RO         1590    i.__scatterload_copy  mc_w.l(handlers.o)
    0x08006380   0x08006380   0x00000002   Code   RO         1591    i.__scatterload_null  mc_w.l(handlers.o)
    0x08006382   0x08006382   0x0000000e   Code   RO         1592    i.__scatterload_zeroinit  mc_w.l(handlers.o)
    0x08006390   0x08006390   0x0000000c   Code   RO         1564    i.__set_errno       mc_w.l(errno.o)
    0x0800639c   0x0800639c   0x000002f0   Code   RO         1415    i._printf_core      mc_w.l(printf6.o)
    0x0800668c   0x0800668c   0x00000024   Code   RO         1416    i._printf_post_padding  mc_w.l(printf6.o)
    0x080066b0   0x080066b0   0x0000002e   Code   RO         1417    i._printf_pre_padding  mc_w.l(printf6.o)
    0x080066de   0x080066de   0x0000000a   Code   RO         1419    i._sputc            mc_w.l(printf6.o)
    0x080066e8   0x080066e8   0x00000010   Data   RO         1127    .rodata.AHBPrescTable  system_stm32f4xx.o
    0x080066f8   0x080066f8   0x00000474   Data   RO         1187    .rodata.ascii_1206  lcd.o
    0x08006b6c   0x08006b6c   0x000005f0   Data   RO         1188    .rodata.ascii_1608  lcd.o
    0x0800715c   0x0800715c   0x000011d0   Data   RO         1189    .rodata.ascii_2412  lcd.o
    0x0800832c   0x0800832c   0x000017c0   Data   RO         1190    .rodata.ascii_3216  lcd.o
    0x08009aec   0x08009aec   0x00000008   Data   RO          471    .rodata.cst8        stm32f4xx_hal_dma.o
    0x08009af4   0x08009af4   0x00004b00   Data   RO           25    .rodata.gImage_logo  main.o
    0x0800e5f4   0x0800e5f4   0x00000091   Data   RO         1231    .rodata.str1.1      touch_xpt2046.o
    0x0800e685   0x0800e685   0x00000003   PAD
    0x0800e688   0x0800e688   0x00000020   Data   RO         1589    Region$$Table       anon$$obj.o


    Execution Region RW_IRAM1 (Exec base: 0x20000000, Load base: 0x0800e6a8, Size: 0x000005d0, Max: 0x00020000, ABSOLUTE)

    Exec Addr    Load Addr    Size         Type   Attr      Idx    E Section Name        Object

    0x20000000   0x0800e6a8   0x00000004   Data   RW         1565    .data               mc_w.l(errno.o)
    0x20000004   0x0800e6ac   0x00000001   Data   RW         1229    .data.CMD_RDX       touch_xpt2046.o
    0x20000005   0x0800e6ad   0x00000001   Data   RW         1230    .data.CMD_RDY       touch_xpt2046.o
    0x20000006   0x0800e6ae   0x00000002   PAD
    0x20000008   0x0800e6b0   0x00000004   Data   RW         1126    .data.SystemCoreClock  system_stm32f4xx.o
    0x2000000c   0x0800e6b4   0x00000028   Data   RW         1228    .data.tp_dev        touch_xpt2046.o
    0x20000034   0x0800e6dc   0x00000001   Data   RW          651    .data.uwTickFreq    stm32f4xx_hal.o
    0x20000035   0x0800e6dd   0x00000003   PAD
    0x20000038   0x0800e6e0   0x00000004   Data   RW          650    .data.uwTickPrio    stm32f4xx_hal.o
    0x2000003c   0x0800e6e4   0x00000004   PAD
    0x20000040        -       0x00000060   Zero   RW           80    .bss.hdma_spi1_tx   spi.o
    0x200000a0        -       0x00000020   Zero   RW           61    .bss.hrtc           rtc.o
    0x200000c0        -       0x00000058   Zero   RW           78    .bss.hspi1          spi.o
    0x20000118        -       0x00000058   Zero   RW           79    .bss.hspi2          spi.o
    0x20000170        -       0x00000048   Zero   RW           97    .bss.htim9          tim.o
    0x200001b8        -       0x00000010   Zero   RW         1191    .bss.lcddev         lcd.o
    0x200001c8        -       0x00000004   Zero   RW          652    .bss.uwTick         stm32f4xx_hal.o
    0x200001cc   0x0800e6e4   0x00000004   PAD
    0x200001d0        -       0x00000400   Zero   RW            1    STACK               startup_stm32f411xe.o


==============================================================================

Image component sizes


      Code (inc. data)   RO Data    RW Data    ZI Data      Debug   Object Name

        56          0          0          0          0       3048   dma.o
        68          0          0          0          0       1344   dwt_stm32_delay.o
       222          0          0          0          0       2279   gpio.o
     10450          0      13300          0         16      24603   lcd.o
       936        120      19200          0          0       4703   main.o
       132          0          0          0         32       3160   rtc.o
       432          0          0          0        272       5533   spi.o
        36          8        408          0       1024        860   startup_stm32f411xe.o
       212          0          0          5          4       6891   stm32f4xx_hal.o
       194          0          0          0          0       9989   stm32f4xx_hal_cortex.o
       712          4          8          0          0       9771   stm32f4xx_hal_dma.o
       428          0          0          0          0       5129   stm32f4xx_hal_gpio.o
        56          0          0          0          0       1533   stm32f4xx_hal_msp.o
      1320          0          0          0          0       7362   stm32f4xx_hal_rcc.o
       342          0          0          0          0       4714   stm32f4xx_hal_rcc_ex.o
       258          0          0          0          0      15684   stm32f4xx_hal_rtc.o
      1802          0          0          0          0      23310   stm32f4xx_hal_spi.o
      1028          4          0          0          0      55697   stm32f4xx_hal_tim.o
        32          0          0          0          0       2827   stm32f4xx_it.o
        18          0         16          4          0       2722   system_stm32f4xx.o
       232          0          0          0         72       6211   tim.o
      4666        220        145         42          0      12897   touch_xpt2046.o

    ----------------------------------------------------------------------
     23716        356      33112         56       1428     210267   Object Totals
         0          0         32          0          0          0   (incl. Generated)
        84          0          3          5          8          0   (incl. Padding)

    ----------------------------------------------------------------------

      Code (inc. data)   RO Data    RW Data    ZI Data      Debug   Library Member Name

       122          0          0          0          0        148   sqrt.o
         0          0          0          0          0          0   entry.o
         0          0          0          0          0          0   entry10a.o
         0          0          0          0          0          0   entry11a.o
         8          4          0          0          0          0   entry2.o
         4          0          0          0          0          0   entry5.o
         0          0          0          0          0          0   entry7b.o
         0          0          0          0          0          0   entry8b.o
         8          4          0          0          0          0   entry9a.o
        12          6          0          4          0         68   errno.o
        30          0          0          0          0          0   handlers.o
        48         10          0          0          0         68   init.o
         0          0          0          0          0          0   iusefp.o
        30          0          0          0          0         68   llshl.o
        32          0          0          0          0         68   llushr.o
        36          0          0          0          0        108   memseta.o
       884         10          0          0          0        420   printf6.o
        44          0          0          0          0         80   uidiv.o
        98          0          0          0          0         92   uldiv.o
        54          0          0          0          0         80   dcmpgt.o
        54          0          0          0          0         80   dcmple.o
        54          0          0          0          0         80   dcmplt.o
       186          0          0          0          0        176   depilogue.o
        62          0          0          0          0         80   dfixi.o
        26          0          0          0          0         76   dfltui.o
       228          0          0          0          0         96   dmul.o
       162          0          0          0          0        100   dsqrt.o
        38          0          0          0          0         68   f2d.o

    ----------------------------------------------------------------------
      2220         34          0          4          0       1956   Library Totals
         0          0          0          0          0          0   (incl. Padding)

    ----------------------------------------------------------------------

      Code (inc. data)   RO Data    RW Data    ZI Data      Debug   Library Name

       122          0          0          0          0        148   m_wm.l
      1234         34          0          4          0        972   mc_w.l
       864          0          0          0          0        836   mf_w.l

    ----------------------------------------------------------------------
      2220         34          0          4          0       1956   Library Totals

    ----------------------------------------------------------------------

==============================================================================


      Code (inc. data)   RO Data    RW Data    ZI Data      Debug   

     25936        390      33112         60       1428     211143   Grand Totals
     25936        390      33112         60       1428     211143   ELF Image Totals
     25936        390      33112         60          0          0   ROM Totals

==============================================================================

    Total RO  Size (Code + RO Data)                59048 (  57.66kB)
    Total RW  Size (RW Data + ZI Data)              1488 (   1.45kB)
    Total ROM Size (Code + RO Data + RW Data)      59108 (  57.72kB)

==============================================================================

